Archive member included to satisfy reference by file (symbol)

C:/ST/STM32CubeIDE_2.1.1/STM32CubeIDE/plugins/com.st.stm32cube.ide.mcu.externaltools.gnu-tools-for-stm32.14.3.rel1.win32_1.0.100.202602081740/tools/bin/../lib/gcc/arm-none-eabi/14.3.1/../../../../arm-none-eabi/lib/thumb/v7e-m+fp/hard\libc_nano.a(libc_a-calloc.o)
                              ./hagl/src/hagl_char.o (calloc)
C:/ST/STM32CubeIDE_2.1.1/STM32CubeIDE/plugins/com.st.stm32cube.ide.mcu.externaltools.gnu-tools-for-stm32.14.3.rel1.win32_1.0.100.202602081740/tools/bin/../lib/gcc/arm-none-eabi/14.3.1/../../../../arm-none-eabi/lib/thumb/v7e-m+fp/hard\libc_nano.a(libc_a-callocr.o)
                              C:/ST/STM32CubeIDE_2.1.1/STM32CubeIDE/plugins/com.st.stm32cube.ide.mcu.externaltools.gnu-tools-for-stm32.14.3.rel1.win32_1.0.100.202602081740/tools/bin/../lib/gcc/arm-none-eabi/14.3.1/../../../../arm-none-eabi/lib/thumb/v7e-m+fp/hard\libc_nano.a(libc_a-calloc.o) (_calloc_r)
C:/ST/STM32CubeIDE_2.1.1/STM32CubeIDE/plugins/com.st.stm32cube.ide.mcu.externaltools.gnu-tools-for-stm32.14.3.rel1.win32_1.0.100.202602081740/tools/bin/../lib/gcc/arm-none-eabi/14.3.1/../../../../arm-none-eabi/lib/thumb/v7e-m+fp/hard\libc_nano.a(libc_a-exit.o)
                              C:/ST/STM32CubeIDE_2.1.1/STM32CubeIDE/plugins/com.st.stm32cube.ide.mcu.externaltools.gnu-tools-for-stm32.14.3.rel1.win32_1.0.100.202602081740/tools/bin/../lib/gcc/arm-none-eabi/14.3.1/../../../../arm-none-eabi/lib/thumb/v7e-m+fp/hard/crt0.o (exit)
C:/ST/STM32CubeIDE_2.1.1/STM32CubeIDE/plugins/com.st.stm32cube.ide.mcu.externaltools.gnu-tools-for-stm32.14.3.rel1.win32_1.0.100.202602081740/tools/bin/../lib/gcc/arm-none-eabi/14.3.1/../../../../arm-none-eabi/lib/thumb/v7e-m+fp/hard\libc_nano.a(libc_a-mallocr.o)
                              C:/ST/STM32CubeIDE_2.1.1/STM32CubeIDE/plugins/com.st.stm32cube.ide.mcu.externaltools.gnu-tools-for-stm32.14.3.rel1.win32_1.0.100.202602081740/tools/bin/../lib/gcc/arm-none-eabi/14.3.1/../../../../arm-none-eabi/lib/thumb/v7e-m+fp/hard\libc_nano.a(libc_a-callocr.o) (_malloc_r)
C:/ST/STM32CubeIDE_2.1.1/STM32CubeIDE/plugins/com.st.stm32cube.ide.mcu.externaltools.gnu-tools-for-stm32.14.3.rel1.win32_1.0.100.202602081740/tools/bin/../lib/gcc/arm-none-eabi/14.3.1/../../../../arm-none-eabi/lib/thumb/v7e-m+fp/hard\libc_nano.a(libc_a-mlock.o)
                              C:/ST/STM32CubeIDE_2.1.1/STM32CubeIDE/plugins/com.st.stm32cube.ide.mcu.externaltools.gnu-tools-for-stm32.14.3.rel1.win32_1.0.100.202602081740/tools/bin/../lib/gcc/arm-none-eabi/14.3.1/../../../../arm-none-eabi/lib/thumb/v7e-m+fp/hard\libc_nano.a(libc_a-mallocr.o) (__malloc_lock)
C:/ST/STM32CubeIDE_2.1.1/STM32CubeIDE/plugins/com.st.stm32cube.ide.mcu.externaltools.gnu-tools-for-stm32.14.3.rel1.win32_1.0.100.202602081740/tools/bin/../lib/gcc/arm-none-eabi/14.3.1/../../../../arm-none-eabi/lib/thumb/v7e-m+fp/hard\libc_nano.a(libc_a-fclose.o)
                              ./hagl/src/hagl_image.o (fclose)
C:/ST/STM32CubeIDE_2.1.1/STM32CubeIDE/plugins/com.st.stm32cube.ide.mcu.externaltools.gnu-tools-for-stm32.14.3.rel1.win32_1.0.100.202602081740/tools/bin/../lib/gcc/arm-none-eabi/14.3.1/../../../../arm-none-eabi/lib/thumb/v7e-m+fp/hard\libc_nano.a(libc_a-fflush.o)
                              C:/ST/STM32CubeIDE_2.1.1/STM32CubeIDE/plugins/com.st.stm32cube.ide.mcu.externaltools.gnu-tools-for-stm32.14.3.rel1.win32_1.0.100.202602081740/tools/bin/../lib/gcc/arm-none-eabi/14.3.1/../../../../arm-none-eabi/lib/thumb/v7e-m+fp/hard\libc_nano.a(libc_a-fclose.o) (__sflush_r)
C:/ST/STM32CubeIDE_2.1.1/STM32CubeIDE/plugins/com.st.stm32cube.ide.mcu.externaltools.gnu-tools-for-stm32.14.3.rel1.win32_1.0.100.202602081740/tools/bin/../lib/gcc/arm-none-eabi/14.3.1/../../../../arm-none-eabi/lib/thumb/v7e-m+fp/hard\libc_nano.a(libc_a-findfp.o)
                              C:/ST/STM32CubeIDE_2.1.1/STM32CubeIDE/plugins/com.st.stm32cube.ide.mcu.externaltools.gnu-tools-for-stm32.14.3.rel1.win32_1.0.100.202602081740/tools/bin/../lib/gcc/arm-none-eabi/14.3.1/../../../../arm-none-eabi/lib/thumb/v7e-m+fp/hard\libc_nano.a(libc_a-fflush.o) (__sglue)
C:/ST/STM32CubeIDE_2.1.1/STM32CubeIDE/plugins/com.st.stm32cube.ide.mcu.externaltools.gnu-tools-for-stm32.14.3.rel1.win32_1.0.100.202602081740/tools/bin/../lib/gcc/arm-none-eabi/14.3.1/../../../../arm-none-eabi/lib/thumb/v7e-m+fp/hard\libc_nano.a(libc_a-fopen.o)
                              ./hagl/src/hagl_image.o (fopen)
C:/ST/STM32CubeIDE_2.1.1/STM32CubeIDE/plugins/com.st.stm32cube.ide.mcu.externaltools.gnu-tools-for-stm32.14.3.rel1.win32_1.0.100.202602081740/tools/bin/../lib/gcc/arm-none-eabi/14.3.1/../../../../arm-none-eabi/lib/thumb/v7e-m+fp/hard\libc_nano.a(libc_a-fread.o)
                              ./hagl/src/hagl_image.o (fread)
[...]
Memory Configuration

Name             Origin             Length             Attributes
RAM              0x20000000         0x00018000         xrw
RAM2             0x10000000         0x00008000         xrw
FLASH            0x08000000         0x00100000         xr
*default*        0x00000000         0xffffffff

Linker script and memory map

LOAD C:/ST/STM32CubeIDE_2.1.1/STM32CubeIDE/plugins/com.st.stm32cube.ide.mcu.externaltools.gnu-tools-for-stm32.14.3.rel1.win32_1.0.100.202602081740/tools/bin/../lib/gcc/arm-none-eabi/14.3.1/thumb/v7e-m+fp/hard/crti.o
LOAD C:/ST/STM32CubeIDE_2.1.1/STM32CubeIDE/plugins/com.st.stm32cube.ide.mcu.externaltools.gnu-tools-for-stm32.14.3.rel1.win32_1.0.100.202602081740/tools/bin/../lib/gcc/arm-none-eabi/14.3.1/thumb/v7e-m+fp/hard/crtbegin.o
LOAD C:/ST/STM32CubeIDE_2.1.1/STM32CubeIDE/plugins/com.st.stm32cube.ide.mcu.externaltools.gnu-tools-for-stm32.14.3.rel1.win32_1.0.100.202602081740/tools/bin/../lib/gcc/arm-none-eabi/14.3.1/../../../../arm-none-eabi/lib/thumb/v7e-m+fp/hard/crt0.o
LOAD ./Core/Src/gpio.o
LOAD ./Core/Src/hagl_hal.o
LOAD ./Core/Src/lcd.o
LOAD ./Core/Src/main.o
LOAD ./Core/Src/spi.o
LOAD ./Core/Src/stm32l4xx_hal_msp.o
LOAD ./Core/Src/stm32l4xx_it.o
LOAD ./Core/Src/syscalls.o
LOAD ./Core/Src/sysmem.o
LOAD ./Core/Src/system_stm32l4xx.o
LOAD ./Core/Startup/startup_stm32l476rgtx.o
LOAD ./Drivers/STM32L4xx_HAL_Driver/Src/stm32l4xx_hal.o
LOAD ./Drivers/STM32L4xx_HAL_Driver/Src/stm32l4xx_hal_cortex.o
LOAD ./Drivers/STM32L4xx_HAL_Driver/Src/stm32l4xx_hal_dma.o
LOAD ./Drivers/STM32L4xx_HAL_Driver/Src/stm32l4xx_hal_dma_ex.o
LOAD ./Drivers/STM32L4xx_HAL_Driver/Src/stm32l4xx_hal_exti.o
LOAD ./Drivers/STM32L4xx_HAL_Driver/Src/stm32l4xx_hal_flash.o
LOAD ./Drivers/STM32L4xx_HAL_Driver/Src/stm32l4xx_hal_flash_ex.o
LOAD ./Drivers/STM32L4xx_HAL_Driver/Src/stm32l4xx_hal_flash_ramfunc.o
LOAD ./Drivers/STM32L4xx_HAL_Driver/Src/stm32l4xx_hal_gpio.o
LOAD ./Drivers/STM32L4xx_HAL_Driver/Src/stm32l4xx_hal_i2c.o
LOAD ./Drivers/STM32L4xx_HAL_Driver/Src/stm32l4xx_hal_i2c_ex.o
LOAD ./Drivers/STM32L4xx_HAL_Driver/Src/stm32l4xx_hal_pwr.o
LOAD ./Drivers/STM32L4xx_HAL_Driver/Src/stm32l4xx_hal_pwr_ex.o
LOAD ./Drivers/STM32L4xx_HAL_Driver/Src/stm32l4xx_hal_rcc.o
LOAD ./Drivers/STM32L4xx_HAL_Driver/Src/stm32l4xx_hal_rcc_ex.o
LOAD ./Drivers/STM32L4xx_HAL_Driver/Src/stm32l4xx_hal_spi.o
LOAD ./Drivers/STM32L4xx_HAL_Driver/Src/stm32l4xx_hal_spi_ex.o
LOAD ./hagl/src/fontx.o
LOAD ./hagl/src/hagl.o
LOAD ./hagl/src/hagl_bitmap.o
LOAD ./hagl/src/hagl_blit.o
LOAD ./hagl/src/hagl_char.o
LOAD ./hagl/src/hagl_circle.o
LOAD ./hagl/src/hagl_clip.o
LOAD ./hagl/src/hagl_color.o
LOAD ./hagl/src/hagl_ellipse.o
LOAD ./hagl/src/hagl_hline.o
LOAD ./hagl/src/hagl_image.o
LOAD ./hagl/src/hagl_line.o
LOAD ./hagl/src/hagl_pixel.o
LOAD ./hagl/src/hagl_polygon.o
LOAD ./hagl/src/hagl_rectangle.o
LOAD ./hagl/src/hagl_triangle.o
LOAD ./hagl/src/hagl_vline.o
LOAD ./hagl/src/hsl.o
LOAD ./hagl/src/rgb565.o
LOAD ./hagl/src/rgb888.o
LOAD ./hagl/src/tjpgd.o
START GROUP
LOAD C:/ST/STM32CubeIDE_2.1.1/STM32CubeIDE/plugins/com.st.stm32cube.ide.mcu.externaltools.gnu-tools-for-stm32.14.3.rel1.win32_1.0.100.202602081740/tools/bin/../lib/gcc/arm-none-eabi/14.3.1/../../../../arm-none-eabi/lib/thumb/v7e-m+fp/hard\libc_nano.a
LOAD C:/ST/STM32CubeIDE_2.1.1/STM32CubeIDE/plugins/com.st.stm32cube.ide.mcu.externaltools.gnu-tools-for-stm32.14.3.rel1.win32_1.0.100.202602081740/tools/bin/../lib/gcc/arm-none-eabi/14.3.1/../../../../arm-none-eabi/lib/thumb/v7e-m+fp/hard\libm.a
END GROUP
START GROUP
LOAD C:/ST/STM32CubeIDE_2.1.1/STM32CubeIDE/plugins/com.st.stm32cube.ide.mcu.externaltools.gnu-tools-for-stm32.14.3.rel1.win32_1.0.100.202602081740/tools/bin/../lib/gcc/arm-none-eabi/14.3.1/thumb/v7e-m+fp/hard\libgcc.a
LOAD C:/ST/STM32CubeIDE_2.1.1/STM32CubeIDE/plugins/com.st.stm32cube.ide.mcu.externaltools.gnu-tools-for-stm32.14.3.rel1.win32_1.0.100.202602081740/tools/bin/../lib/gcc/arm-none-eabi/14.3.1/../../../../arm-none-eabi/lib/thumb/v7e-m+fp/hard\libc_nano.a
END GROUP
START GROUP
LOAD C:/ST/STM32CubeIDE_2.1.1/STM32CubeIDE/plugins/com.st.stm32cube.ide.mcu.externaltools.gnu-tools-for-stm32.14.3.rel1.win32_1.0.100.202602081740/tools/bin/../lib/gcc/arm-none-eabi/14.3.1/thumb/v7e-m+fp/hard\libgcc.a
LOAD C:/ST/STM32CubeIDE_2.1.1/STM32CubeIDE/plugins/com.st.stm32cube.ide.mcu.externaltools.gnu-tools-for-stm32.14.3.rel1.win32_1.0.100.202602081740/tools/bin/../lib/gcc/arm-none-eabi/14.3.1/../../../../arm-none-eabi/lib/thumb/v7e-m+fp/hard\libc_nano.a
LOAD C:/ST/STM32CubeIDE_2.1.1/STM32CubeIDE/plugins/com.st.stm32cube.ide.mcu.externaltools.gnu-tools-for-stm32.14.3.rel1.win32_1.0.100.202602081740/tools/bin/../lib/gcc/arm-none-eabi/14.3.1/../../../../arm-none-eabi/lib/thumb/v7e-m+fp/hard\libnosys.a
END GROUP
START GROUP
LOAD C:/ST/STM32CubeIDE_2.1.1/STM32CubeIDE/plugins/com.st.stm32cube.ide.mcu.externaltools.gnu-tools-for-stm32.14.3.rel1.win32_1.0.100.202602081740/tools/bin/../lib/gcc/arm-none-eabi/14.3.1/thumb/v7e-m+fp/hard\libgcc.a
LOAD C:/ST/STM32CubeIDE_2.1.1/STM32CubeIDE/plugins/com.st.stm32cube.ide.mcu.externaltools.gnu-tools-for-stm32.14.3.rel1.win32_1.0.100.202602081740/tools/bin/../lib/gcc/arm-none-eabi/14.3.1/../../../../arm-none-eabi/lib/thumb/v7e-m+fp/hard\libc_nano.a
LOAD C:/ST/STM32CubeIDE_2.1.1/STM32CubeIDE/plugins/com.st.stm32cube.ide.mcu.externaltools.gnu-tools-for-stm32.14.3.rel1.win32_1.0.100.202602081740/tools/bin/../lib/gcc/arm-none-eabi/14.3.1/../../../../arm-none-eabi/lib/thumb/v7e-m+fp/hard\libnosys.a
END GROUP
LOAD C:/ST/STM32CubeIDE_2.1.1/STM32CubeIDE/plugins/com.st.stm32cube.ide.mcu.externaltools.gnu-tools-for-stm32.14.3.rel1.win32_1.0.100.202602081740/tools/bin/../lib/gcc/arm-none-eabi/14.3.1/thumb/v7e-m+fp/hard/crtend.o
LOAD C:/ST/STM32CubeIDE_2.1.1/STM32CubeIDE/plugins/com.st.stm32cube.ide.mcu.externaltools.gnu-tools-for-stm32.14.3.rel1.win32_1.0.100.202602081740/tools/bin/../lib/gcc/arm-none-eabi/14.3.1/thumb/v7e-m+fp/hard/crtn.o
                0x20018000                        _estack = (ORIGIN (RAM) + LENGTH (RAM))
                0x00000200                        _Min_Heap_Size = 0x200
                0x00000400                        _Min_Stack_Size = 0x400

.isr_vector     0x08000000      0x188
                0x08000000                        . = ALIGN (0x4)
 *(.isr_vector)
 .isr_vector    0x08000000      0x188 ./Core/Startup/startup_stm32l476rgtx.o
                0x08000000                g_pfnVectors
                0x08000188                        . = ALIGN (0x4)

.text           0x08000188     0x3b8c
                0x08000188                        . = ALIGN (0x4)
 *(.text)
 .text          0x08000188       0x40 C:/ST/STM32CubeIDE_2.1.1/STM32CubeIDE/plugins/com.st.stm32cube.ide.mcu.externaltools.gnu-tools-for-stm32.14.3.rel1.win32_1.0.100.202602081740/tools/bin/../lib/gcc/arm-none-eabi/14.3.1/thumb/v7e-m+fp/hard/crtbegin.o
 *(.text*)
 .text.MX_GPIO_Init
                0x080001c8       0x8c ./Core/Src/gpio.o
                0x080001c8                MX_GPIO_Init
 .text.put_pixel
                0x08000254       0x54 ./Core/Src/hagl_hal.o
 .text.get_pixel
                0x080002a8       0x1e ./Core/Src/hagl_hal.o
 .text.color    0x080002c6       0x6e ./Core/Src/hagl_hal.o
 .text.flush    0x08000334       0x16 ./Core/Src/hagl_hal.o
 .text.close    0x0800034a       0x14 ./Core/Src/hagl_hal.o
 *fill*         0x0800035e        0x2 
 .text.hagl_hal_init
                0x08000360       0x64 ./Core/Src/hagl_hal.o
                0x08000360                hagl_hal_init
 .text.lcd_cmd  0x080003c4       0x4c ./Core/Src/lcd.o
 .text.lcd_data
                0x08000410       0x4c ./Core/Src/lcd.o
 .text.lcd_send
                0x0800045c       0x32 ./Core/Src/lcd.o
 *fill*         0x0800048e        0x2 
 .text.lcd_init
                0x08000490       0x70 ./Core/Src/lcd.o
                0x08000490                lcd_init
 .text.lcd_data16
                0x08000500       0x2a ./Core/Src/lcd.o
 .text.lcd_set_window
                0x0800052a       0x66 ./Core/Src/lcd.o
 .text.lcd_put_pixel
                0x08000590       0x38 ./Core/Src/lcd.o
                0x08000590                lcd_put_pixel
 .text.lcd_copy
                0x080005c8       0x5c ./Core/Src/lcd.o
                0x080005c8                lcd_copy
 .text.hagl_draw_rounded_rectangle
                0x08000624       0x46 ./Core/Src/main.o
 *fill*         0x0800066a        0x2 
 .text.main     0x0800066c       0xc8 ./Core/Src/main.o
                0x0800066c                main
 .text.SystemClock_Config
                0x08000734       0x8c ./Core/Src/main.o
                0x08000734                SystemClock_Config
 .text.Error_Handler
                0x080007c0        0xc ./Core/Src/main.o
                0x080007c0                Error_Handler
 .text.MX_SPI2_Init
                0x080007cc       0x7c ./Core/Src/spi.o
                0x080007cc                MX_SPI2_Init
 .text.HAL_SPI_MspInit
                0x08000848       0xc4 ./Core/Src/spi.o
                0x08000848                HAL_SPI_MspInit
 .text.HAL_MspInit
                0x0800090c       0x48 ./Core/Src/stm32l4xx_hal_msp.o
                0x0800090c                HAL_MspInit
 .text.NMI_Handler
                0x08000954        0x8 ./Core/Src/stm32l4xx_it.o
                0x08000954                NMI_Handler
 .text.HardFault_Handler
                0x0800095c        0x8 ./Core/Src/stm32l4xx_it.o
                0x0800095c                HardFault_Handler
 .text.MemManage_Handler
                0x08000964        0x8 ./Core/Src/stm32l4xx_it.o
                0x08000964                MemManage_Handler
 .text.BusFault_Handler
                0x0800096c        0x8 ./Core/Src/stm32l4xx_it.o
                0x0800096c                BusFault_Handler
 .text.UsageFault_Handler
                0x08000974        0x8 ./Core/Src/stm32l4xx_it.o
                0x08000974                UsageFault_Handler
 .text.SVC_Handler
                0x0800097c        0xe ./Core/Src/stm32l4xx_it.o
                0x0800097c                SVC_Handler
 .text.DebugMon_Handler
                0x0800098a        0xe ./Core/Src/stm32l4xx_it.o
                0x0800098a                DebugMon_Handler
 .text.PendSV_Handler
                0x08000998        0xe ./Core/Src/stm32l4xx_it.o
                0x08000998                PendSV_Handler
 .text.SysTick_Handler
                0x080009a6        0xc ./Core/Src/stm32l4xx_it.o
                0x080009a6                SysTick_Handler
 *fill*         0x080009b2        0x2 
 .text._sbrk    0x080009b4       0x6c ./Core/Src/sysmem.o
                0x080009b4                _sbrk
 .text.SystemInit
                0x08000a20       0x24 ./Core/Src/system_stm32l4xx.o
                0x08000a20                SystemInit
 .text.Reset_Handler
                0x08000a44       0x50 ./Core/Startup/startup_stm32l476rgtx.o
                0x08000a44                Reset_Handler
 .text.Default_Handler
                0x08000a94        0x2 ./Core/Startup/startup_stm32l476rgtx.o
                0x08000a94                RTC_Alarm_IRQHandler
                0x08000a94                EXTI2_IRQHandler
                0x08000a94                TIM8_TRG_COM_IRQHandler
                0x08000a94                TIM8_CC_IRQHandler
                0x08000a94                TIM1_CC_IRQHandler
                0x08000a94                TSC_IRQHandler
                0x08000a94                TAMP_STAMP_IRQHandler
                0x08000a94                EXTI3_IRQHandler
                0x08000a94                LPTIM2_IRQHandler
                0x08000a94                DFSDM1_FLT1_IRQHandler
                0x08000a94                I2C3_ER_IRQHandler
                0x08000a94                DFSDM1_FLT2_IRQHandler
                0x08000a94                EXTI0_IRQHandler
                0x08000a94                I2C2_EV_IRQHandler
                0x08000a94                CAN1_RX0_IRQHandler
                0x08000a94                FPU_IRQHandler
                0x08000a94                TIM1_UP_TIM16_IRQHandler
                0x08000a94                ADC1_2_IRQHandler
                0x08000a94                SPI1_IRQHandler
                0x08000a94                TIM6_DAC_IRQHandler
                0x08000a94                TIM8_UP_IRQHandler
                0x08000a94                DMA2_Channel2_IRQHandler
                0x08000a94                DMA1_Channel4_IRQHandler
                0x08000a94                SAI2_IRQHandler
                0x08000a94                DFSDM1_FLT3_IRQHandler
                0x08000a94                USART3_IRQHandler
                0x08000a94                DMA1_Channel7_IRQHandler
                0x08000a94                CAN1_RX1_IRQHandler
                0x08000a94                LCD_IRQHandler
                0x08000a94                UART5_IRQHandler
                0x08000a94                ADC3_IRQHandler
                0x08000a94                TIM4_IRQHandler
                0x08000a94                DMA2_Channel1_IRQHandler
                0x08000a94                QUADSPI_IRQHandler
                0x08000a94                I2C1_EV_IRQHandler
                0x08000a94                DMA1_Channel6_IRQHandler
                0x08000a94                UART4_IRQHandler
                0x08000a94                DMA2_Channel4_IRQHandler
                0x08000a94                TIM3_IRQHandler
                0x08000a94                RCC_IRQHandler
                0x08000a94                DMA1_Channel1_IRQHandler
                0x08000a94                Default_Handler
                0x08000a94                DMA2_Channel7_IRQHandler
                0x08000a94                EXTI15_10_IRQHandler
                0x08000a94                TIM7_IRQHandler
                0x08000a94                SDMMC1_IRQHandler
                0x08000a94                TIM5_IRQHandler
                0x08000a94                I2C3_EV_IRQHandler
                0x08000a94                EXTI9_5_IRQHandler
                0x08000a94                RTC_WKUP_IRQHandler
                0x08000a94                PVD_PVM_IRQHandler
                0x08000a94                SPI2_IRQHandler
                0x08000a94                CAN1_TX_IRQHandler
                0x08000a94                DMA2_Channel5_IRQHandler
                0x08000a94                DMA1_Channel5_IRQHandler
                0x08000a94                EXTI4_IRQHandler
                0x08000a94                RNG_IRQHandler
                0x08000a94                TIM1_TRG_COM_TIM17_IRQHandler
                0x08000a94                DMA1_Channel3_IRQHandler
                0x08000a94                COMP_IRQHandler
                0x08000a94                WWDG_IRQHandler
                0x08000a94                LPUART1_IRQHandler
                0x08000a94                DMA2_Channel6_IRQHandler
                0x08000a94                TIM2_IRQHandler
                0x08000a94                EXTI1_IRQHandler
                0x08000a94                USART2_IRQHandler
                0x08000a94                DFSDM1_FLT0_IRQHandler
                0x08000a94                I2C2_ER_IRQHandler
                0x08000a94                DMA1_Channel2_IRQHandler
                0x08000a94                TIM8_BRK_IRQHandler
                0x08000a94                CAN1_SCE_IRQHandler
                0x08000a94                FLASH_IRQHandler
                0x08000a94                USART1_IRQHandler
                0x08000a94                OTG_FS_IRQHandler
                0x08000a94                SPI3_IRQHandler
                0x08000a94                I2C1_ER_IRQHandler
                0x08000a94                FMC_IRQHandler
                0x08000a94                SWPMI1_IRQHandler
                0x08000a94                LPTIM1_IRQHandler
                0x08000a94                SAI1_IRQHandler
                0x08000a94                DMA2_Channel3_IRQHandler
                0x08000a94                TIM1_BRK_TIM15_IRQHandler
 .text.HAL_Init
                0x08000a96       0x30 ./Drivers/STM32L4xx_HAL_Driver/Src/stm32l4xx_hal.o
                0x08000a96                HAL_Init
 *fill*         0x08000ac6        0x2 
 .text.HAL_InitTick
                0x08000ac8       0x78 ./Drivers/STM32L4xx_HAL_Driver/Src/stm32l4xx_hal.o
                0x08000ac8                HAL_InitTick
 .text.HAL_IncTick
                0x08000b40       0x28 ./Drivers/STM32L4xx_HAL_Driver/Src/stm32l4xx_hal.o
                0x08000b40                HAL_IncTick
 .text.HAL_GetTick
                0x08000b68       0x18 ./Drivers/STM32L4xx_HAL_Driver/Src/stm32l4xx_hal.o
                0x08000b68                HAL_GetTick
 .text.HAL_Delay
                0x08000b80       0x48 ./Drivers/STM32L4xx_HAL_Driver/Src/stm32l4xx_hal.o
                0x08000b80                HAL_Delay
 .text.__NVIC_SetPriorityGrouping
                0x08000bc8       0x48 ./Drivers/STM32L4xx_HAL_Driver/Src/stm32l4xx_hal_cortex.o
 .text.__NVIC_GetPriorityGrouping
                0x08000c10       0x1c ./Drivers/STM32L4xx_HAL_Driver/Src/stm32l4xx_hal_cortex.o
 .text.__NVIC_SetPriority
                0x08000c2c       0x54 ./Drivers/STM32L4xx_HAL_Driver/Src/stm32l4xx_hal_cortex.o
 .text.NVIC_EncodePriority
                0x08000c80       0x66 ./Drivers/STM32L4xx_HAL_Driver/Src/stm32l4xx_hal_cortex.o
 *fill*         0x08000ce6        0x2 
 .text.SysTick_Config
                0x08000ce8       0x44 ./Drivers/STM32L4xx_HAL_Driver/Src/stm32l4xx_hal_cortex.o
 .text.HAL_NVIC_SetPriorityGrouping
                0x08000d2c       0x16 ./Drivers/STM32L4xx_HAL_Driver/Src/stm32l4xx_hal_cortex.o
                0x08000d2c                HAL_NVIC_SetPriorityGrouping
 .text.HAL_NVIC_SetPriority
                0x08000d42       0x38 ./Drivers/STM32L4xx_HAL_Driver/Src/stm32l4xx_hal_cortex.o
                0x08000d42                HAL_NVIC_SetPriority
 .text.HAL_SYSTICK_Config
                0x08000d7a       0x18 ./Drivers/STM32L4xx_HAL_Driver/Src/stm32l4xx_hal_cortex.o
                0x08000d7a                HAL_SYSTICK_Config
 *fill*         0x08000d92        0x2 
 .text.HAL_GPIO_Init
                0x08000d94      0x354 ./Drivers/STM32L4xx_HAL_Driver/Src/stm32l4xx_hal_gpio.o
                0x08000d94                HAL_GPIO_Init
 .text.HAL_GPIO_WritePin
                0x080010e8       0x30 ./Drivers/STM32L4xx_HAL_Driver/Src/stm32l4xx_hal_gpio.o
                0x080010e8                HAL_GPIO_WritePin
 .text.HAL_PWREx_GetVoltageRange
                0x08001118       0x1c ./Drivers/STM32L4xx_HAL_Driver/Src/stm32l4xx_hal_pwr_ex.o
                0x08001118                HAL_PWREx_GetVoltageRange
 .text.HAL_PWREx_ControlVoltageScaling
                0x08001134       0xac ./Drivers/STM32L4xx_HAL_Driver/Src/stm32l4xx_hal_pwr_ex.o
                0x08001134                HAL_PWREx_ControlVoltageScaling
 .text.HAL_RCC_OscConfig
                0x080011e0      0x7b8 ./Drivers/STM32L4xx_HAL_Driver/Src/stm32l4xx_hal_rcc.o
                0x080011e0                HAL_RCC_OscConfig
 .text.HAL_RCC_ClockConfig
                0x08001998      0x200 ./Drivers/STM32L4xx_HAL_Driver/Src/stm32l4xx_hal_rcc.o
                0x08001998                HAL_RCC_ClockConfig
 .text.HAL_RCC_GetSysClockFreq
                0x08001b98      0x118 ./Drivers/STM32L4xx_HAL_Driver/Src/stm32l4xx_hal_rcc.o
                0x08001b98                HAL_RCC_GetSysClockFreq
 .text.RCC_SetFlashLatencyFromMSIRange
                0x08001cb0       0xc0 ./Drivers/STM32L4xx_HAL_Driver/Src/stm32l4xx_hal_rcc.o
 .text.HAL_SPI_Init
                0x08001d70      0x146 ./Drivers/STM32L4xx_HAL_Driver/Src/stm32l4xx_hal_spi.o
                0x08001d70                HAL_SPI_Init
 .text.HAL_SPI_Transmit
                0x08001eb6      0x2ec ./Drivers/STM32L4xx_HAL_Driver/Src/stm32l4xx_hal_spi.o
                0x08001eb6                HAL_SPI_Transmit
 *fill*         0x080021a2        0x2 
 .text.SPI_WaitFlagStateUntilTimeout
                0x080021a4      0x110 ./Drivers/STM32L4xx_HAL_Driver/Src/stm32l4xx_hal_spi.o
 .text.SPI_WaitFifoStateUntilTimeout
                0x080022b4      0x12c ./Drivers/STM32L4xx_HAL_Driver/Src/stm32l4xx_hal_spi.o
 .text.SPI_EndRxTxTransaction
                0x080023e0       0x8c ./Drivers/STM32L4xx_HAL_Driver/Src/stm32l4xx_hal_spi.o
 .text.fontx_meta
                0x0800246c       0x40 ./hagl/src/fontx.o
                0x0800246c                fontx_meta
 .text.fontx_glyph
                0x080024ac      0x124 ./hagl/src/fontx.o
                0x080024ac                fontx_glyph
 .text.hagl_init
                0x080025d0       0x48 ./hagl/src/hagl.o
                0x080025d0                hagl_init
 .text.hagl_flush
                0x08002618       0x26 ./hagl/src/hagl.o
                0x08002618                hagl_flush
 .text.put_pixel
                0x0800263e       0x5c ./hagl/src/hagl_bitmap.o
 .text.get_pixel
                0x0800269a       0x4c ./hagl/src/hagl_bitmap.o
 .text.hline    0x080026e6       0x76 ./hagl/src/hagl_bitmap.o
                0x080026e6                hline
 .text.vline    0x0800275c       0x8c ./hagl/src/hagl_bitmap.o
                0x0800275c                vline
 .text.blit     0x080027e8      0x1cc ./hagl/src/hagl_bitmap.o
 .text.scale_blit
                0x080029b4      0x272 ./hagl/src/hagl_bitmap.o
 *fill*         0x08002c26        0x2 
 .text.hagl_bitmap_init
                0x08002c28       0xc8 ./hagl/src/hagl_bitmap.o
                0x08002c28                hagl_bitmap_init
 .text.hagl_blit_xy
                0x08002cf0      0x12a ./hagl/src/hagl_blit.o
                0x08002cf0                hagl_blit_xy
 .text.hagl_blit
                0x08002e1a       0x2a ./hagl/src/hagl_char.o
 .text.hagl_put_char
                0x08002e44      0x120 ./hagl/src/hagl_char.o
                0x08002e44                hagl_put_char
 .text.hagl_put_text
                0x08002f64       0x9e ./hagl/src/hagl_char.o
                0x08002f64                hagl_put_text
 .text.code     0x08003002       0x74 ./hagl/src/hagl_clip.o
 .text.hagl_clip_line
                0x08003076      0x236 ./hagl/src/hagl_clip.o
                0x08003076                hagl_clip_line
 .text.hagl_set_clip
                0x080032ac       0x42 ./hagl/src/hagl_clip.o
                0x080032ac                hagl_set_clip
 .text.hagl_draw_hline_xyw
                0x080032ee       0xf8 ./hagl/src/hagl_hline.o
                0x080032ee                hagl_draw_hline_xyw
 .text.hagl_draw_line
                0x080033e6      0x15a ./hagl/src/hagl_line.o
                0x080033e6                hagl_draw_line
 .text.hagl_put_pixel
                0x08003540       0x6e ./hagl/src/hagl_pixel.o
                0x08003540                hagl_put_pixel
 .text.hagl_draw_hline
                0x080035ae       0x38 ./hagl/src/hagl_rectangle.o
 .text.hagl_draw_vline
                0x080035e6       0x38 ./hagl/src/hagl_rectangle.o
 .text.hagl_draw_rounded_rectangle_xyxy
                0x0800361e      0x344 ./hagl/src/hagl_rectangle.o
                0x0800361e                hagl_draw_rounded_rectangle_xyxy
 .text.hagl_draw_vline_xyh
                0x08003962       0xfa ./hagl/src/hagl_vline.o
                0x08003962                hagl_draw_vline_xyh
 .text.rgb565   0x08003a5c       0x68 ./hagl/src/rgb565.o
                0x08003a5c                rgb565
 .text.calloc   0x08003ac4       0x10 C:/ST/STM32CubeIDE_2.1.1/STM32CubeIDE/plugins/com.st.stm32cube.ide.mcu.externaltools.gnu-tools-for-stm32.14.3.rel1.win32_1.0.100.202602081740/tools/bin/../lib/gcc/arm-none-eabi/14.3.1/../../../../arm-none-eabi/lib/thumb/v7e-m+fp/hard\libc_nano.a(libc_a-calloc.o)
                0x08003ac4                calloc
 .text._calloc_r
                0x08003ad4       0x28 C:/ST/STM32CubeIDE_2.1.1/STM32CubeIDE/plugins/com.st.stm32cube.ide.mcu.externaltools.gnu-tools-for-stm32.14.3.rel1.win32_1.0.100.202602081740/tools/bin/../lib/gcc/arm-none-eabi/14.3.1/../../../../arm-none-eabi/lib/thumb/v7e-m+fp/hard\libc_nano.a(libc_a-callocr.o)
                0x08003ad4                _calloc_r
 .text.sbrk_aligned
                0x08003afc       0x44 C:/ST/STM32CubeIDE_2.1.1/STM32CubeIDE/plugins/com.st.stm32cube.ide.mcu.externaltools.gnu-tools-for-stm32.14.3.rel1.win32_1.0.100.202602081740/tools/bin/../lib/gcc/arm-none-eabi/14.3.1/../../../../arm-none-eabi/lib/thumb/v7e-m+fp/hard\libc_nano.a(libc_a-mallocr.o)
 .text._malloc_r
                0x08003b40      0x100 C:/ST/STM32CubeIDE_2.1.1/STM32CubeIDE/plugins/com.st.stm32cube.ide.mcu.externaltools.gnu-tools-for-stm32.14.3.rel1.win32_1.0.100.202602081740/tools/bin/../lib/gcc/arm-none-eabi/14.3.1/../../../../arm-none-eabi/lib/thumb/v7e-m+fp/hard\libc_nano.a(libc_a-mallocr.o)
                0x08003b40                _malloc_r
 .text.__malloc_lock
                0x08003c40        0xc C:/ST/STM32CubeIDE_2.1.1/STM32CubeIDE/plugins/com.st.stm32cube.ide.mcu.externaltools.gnu-tools-for-stm32.14.3.rel1.win32_1.0.100.202602081740/tools/bin/../lib/gcc/arm-none-eabi/14.3.1/../../../../arm-none-eabi/lib/thumb/v7e-m+fp/hard\libc_nano.a(libc_a-mlock.o)
                0x08003c40                __malloc_lock
 .text.__malloc_unlock
                0x08003c4c        0xc C:/ST/STM32CubeIDE_2.1.1/STM32CubeIDE/plugins/com.st.stm32cube.ide.mcu.externaltools.gnu-tools-for-stm32.14.3.rel1.win32_1.0.100.202602081740/tools/bin/../lib/gcc/arm-none-eabi/14.3.1/../../../../arm-none-eabi/lib/thumb/v7e-m+fp/hard\libc_nano.a(libc_a-mlock.o)
                0x08003c4c                __malloc_unlock
 .text.memset   0x08003c58       0x10 C:/ST/STM32CubeIDE_2.1.1/STM32CubeIDE/plugins/com.st.stm32cube.ide.mcu.externaltools.gnu-tools-for-stm32.14.3.rel1.win32_1.0.100.202602081740/tools/bin/../lib/gcc/arm-none-eabi/14.3.1/../../../../arm-none-eabi/lib/thumb/v7e-m+fp/hard\libc_nano.a(libc_a-memset.o)
                0x08003c58                memset
 .text._sbrk_r  0x08003c68       0x20 C:/ST/STM32CubeIDE_2.1.1/STM32CubeIDE/plugins/com.st.stm32cube.ide.mcu.externaltools.gnu-tools-for-stm32.14.3.rel1.win32_1.0.100.202602081740/tools/bin/../lib/gcc/arm-none-eabi/14.3.1/../../../../arm-none-eabi/lib/thumb/v7e-m+fp/hard\libc_nano.a(libc_a-sbrkr.o)
                0x08003c68                _sbrk_r
 .text.__errno  0x08003c88        0xc C:/ST/STM32CubeIDE_2.1.1/STM32CubeIDE/plugins/com.st.stm32cube.ide.mcu.externaltools.gnu-tools-for-stm32.14.3.rel1.win32_1.0.100.202602081740/tools/bin/../lib/gcc/arm-none-eabi/14.3.1/../../../../arm-none-eabi/lib/thumb/v7e-m+fp/hard\libc_nano.a(libc_a-errno.o)
                0x08003c88                __errno
 .text.__libc_init_array
                0x08003c94       0x48 C:/ST/STM32CubeIDE_2.1.1/STM32CubeIDE/plugins/com.st.stm32cube.ide.mcu.externaltools.gnu-tools-for-stm32.14.3.rel1.win32_1.0.100.202602081740/tools/bin/../lib/gcc/arm-none-eabi/14.3.1/../../../../arm-none-eabi/lib/thumb/v7e-m+fp/hard\libc_nano.a(libc_a-init.o)
                0x08003c94                __libc_init_array
 .text.__retarget_lock_acquire_recursive
                0x08003cdc        0x2 C:/ST/STM32CubeIDE_2.1.1/STM32CubeIDE/plugins/com.st.stm32cube.ide.mcu.externaltools.gnu-tools-for-stm32.14.3.rel1.win32_1.0.100.202602081740/tools/bin/../lib/gcc/arm-none-eabi/14.3.1/../../../../arm-none-eabi/lib/thumb/v7e-m+fp/hard\libc_nano.a(libc_a-lock.o)
                0x08003cdc                __retarget_lock_acquire_recursive
 .text.__retarget_lock_release_recursive
                0x08003cde        0x2 C:/ST/STM32CubeIDE_2.1.1/STM32CubeIDE/plugins/com.st.stm32cube.ide.mcu.externaltools.gnu-tools-for-stm32.14.3.rel1.win32_1.0.100.202602081740/tools/bin/../lib/gcc/arm-none-eabi/14.3.1/../../../../arm-none-eabi/lib/thumb/v7e-m+fp/hard\libc_nano.a(libc_a-lock.o)
                0x08003cde                __retarget_lock_release_recursive
 .text.memcpy   0x08003ce0       0x1c C:/ST/STM32CubeIDE_2.1.1/STM32CubeIDE/plugins/com.st.stm32cube.ide.mcu.externaltools.gnu-tools-for-stm32.14.3.rel1.win32_1.0.100.202602081740/tools/bin/../lib/gcc/arm-none-eabi/14.3.1/../../../../arm-none-eabi/lib/thumb/v7e-m+fp/hard\libc_nano.a(libc_a-memcpy-stub.o)
                0x08003ce0                memcpy
 *(.glue_7)
 .glue_7        0x08003cfc        0x0 linker stubs
 *(.glue_7t)
 .glue_7t       0x08003cfc        0x0 linker stubs
 *(.eh_frame)
 .eh_frame      0x08003cfc        0x0 C:/ST/STM32CubeIDE_2.1.1/STM32CubeIDE/plugins/com.st.stm32cube.ide.mcu.externaltools.gnu-tools-for-stm32.14.3.rel1.win32_1.0.100.202602081740/tools/bin/../lib/gcc/arm-none-eabi/14.3.1/thumb/v7e-m+fp/hard/crtbegin.o
 *(.init)
 .init          0x08003cfc        0x4 C:/ST/STM32CubeIDE_2.1.1/STM32CubeIDE/plugins/com.st.stm32cube.ide.mcu.externaltools.gnu-tools-for-stm32.14.3.rel1.win32_1.0.100.202602081740/tools/bin/../lib/gcc/arm-none-eabi/14.3.1/thumb/v7e-m+fp/hard/crti.o
                0x08003cfc                _init
 .init          0x08003d00        0x8 C:/ST/STM32CubeIDE_2.1.1/STM32CubeIDE/plugins/com.st.stm32cube.ide.mcu.externaltools.gnu-tools-for-stm32.14.3.rel1.win32_1.0.100.202602081740/tools/bin/../lib/gcc/arm-none-eabi/14.3.1/thumb/v7e-m+fp/hard/crtn.o
 *(.fini)
 .fini          0x08003d08        0x4 C:/ST/STM32CubeIDE_2.1.1/STM32CubeIDE/plugins/com.st.stm32cube.ide.mcu.externaltools.gnu-tools-for-stm32.14.3.rel1.win32_1.0.100.202602081740/tools/bin/../lib/gcc/arm-none-eabi/14.3.1/thumb/v7e-m+fp/hard/crti.o
                0x08003d08                _fini
 .fini          0x08003d0c        0x8 C:/ST/STM32CubeIDE_2.1.1/STM32CubeIDE/plugins/com.st.stm32cube.ide.mcu.externaltools.gnu-tools-for-stm32.14.3.rel1.win32_1.0.100.202602081740/tools/bin/../lib/gcc/arm-none-eabi/14.3.1/thumb/v7e-m+fp/hard/crtn.o
                0x08003d14                        . = ALIGN (0x4)
                0x08003d14                        _etext = .

.vfp11_veneer   0x08003d14        0x0
 .vfp11_veneer  0x08003d14        0x0 linker stubs

.v4_bx          0x08003d14        0x0
 .v4_bx         0x08003d14        0x0 linker stubs

.iplt           0x08003d14        0x0
 .iplt          0x08003d14        0x0 C:/ST/STM32CubeIDE_2.1.1/STM32CubeIDE/plugins/com.st.stm32cube.ide.mcu.externaltools.gnu-tools-for-stm32.14.3.rel1.win32_1.0.100.202602081740/tools/bin/../lib/gcc/arm-none-eabi/14.3.1/thumb/v7e-m+fp/hard/crtbegin.o

.rodata         0x08003d14     0x30c4
                0x08003d14                        . = ALIGN (0x4)
 *(.rodata)
 .rodata        0x08003d14       0x34 ./Core/Src/main.o
 *(.rodata*)
 .rodata.init_table
                0x08003d48       0x98 ./Core/Src/lcd.o
 .rodata.font6x9
                0x08003de0     0x2fb5 ./Core/Src/main.o
                0x08003de0                font6x9
 *fill*         0x08006d95        0x3 
 .rodata.AHBPrescTable
                0x08006d98       0x10 ./Core/Src/system_stm32l4xx.o
                0x08006d98                AHBPrescTable
 .rodata.MSIRangeTable
                0x08006da8       0x30 ./Core/Src/system_stm32l4xx.o
                0x08006da8                MSIRangeTable
                0x08006dd8                        . = ALIGN (0x4)

.ARM.extab      0x08006dd8        0x0
                0x08006dd8                        . = ALIGN (0x4)
 *(.ARM.extab* .gnu.linkonce.armextab.*)
                0x08006dd8                        . = ALIGN (0x4)

.ARM            0x08006dd8        0x0
                0x08006dd8                        . = ALIGN (0x4)
                0x08006dd8                        __exidx_start = .
 *(.ARM.exidx*)
                0x08006dd8                        __exidx_end = .
                0x08006dd8                        . = ALIGN (0x4)

.preinit_array  0x08006dd8        0x0
                0x08006dd8                        . = ALIGN (0x4)
                0x08006dd8                        PROVIDE (__preinit_array_start = .)
 *(.preinit_array*)
                0x08006dd8                        PROVIDE (__preinit_array_end = .)
                0x08006dd8                        . = ALIGN (0x4)

.init_array     0x08006dd8        0x4
                0x08006dd8                        . = ALIGN (0x4)
                0x08006dd8                        PROVIDE (__init_array_start = .)
 *(SORT_BY_NAME(.init_array.*))
 *(.init_array*)
 .init_array    0x08006dd8        0x4 C:/ST/STM32CubeIDE_2.1.1/STM32CubeIDE/plugins/com.st.stm32cube.ide.mcu.externaltools.gnu-tools-for-stm32.14.3.rel1.win32_1.0.100.202602081740/tools/bin/../lib/gcc/arm-none-eabi/14.3.1/thumb/v7e-m+fp/hard/crtbegin.o
                0x08006ddc                        PROVIDE (__init_array_end = .)
                0x08006ddc                        . = ALIGN (0x4)

.fini_array     0x08006ddc        0x4
                0x08006ddc                        . = ALIGN (0x4)
                [!provide]                        PROVIDE (__fini_array_start = .)
 *(SORT_BY_NAME(.fini_array.*))
 *(.fini_array*)
 .fini_array    0x08006ddc        0x4 C:/ST/STM32CubeIDE_2.1.1/STM32CubeIDE/plugins/com.st.stm32cube.ide.mcu.externaltools.gnu-tools-for-stm32.14.3.rel1.win32_1.0.100.202602081740/tools/bin/../lib/gcc/arm-none-eabi/14.3.1/thumb/v7e-m+fp/hard/crtbegin.o
                [!provide]                        PROVIDE (__fini_array_end = .)
                0x08006de0                        . = ALIGN (0x4)
                0x08006de0                        _sidata = LOADADDR (.data)

.rel.dyn        0x08006de0        0x0
 .rel.iplt      0x08006de0        0x0 C:/ST/STM32CubeIDE_2.1.1/STM32CubeIDE/plugins/com.st.stm32cube.ide.mcu.externaltools.gnu-tools-for-stm32.14.3.rel1.win32_1.0.100.202602081740/tools/bin/../lib/gcc/arm-none-eabi/14.3.1/thumb/v7e-m+fp/hard/crtbegin.o

.data           0x20000000       0x5c load address 0x08006de0
                0x20000000                        . = ALIGN (0x4)
                0x20000000                        _sdata = .
 *(.data)
 *(.data*)
 .data.SystemCoreClock
                0x20000000        0x4 ./Core/Src/system_stm32l4xx.o
                0x20000000                SystemCoreClock
 .data.uwTickPrio
                0x20000004        0x4 ./Drivers/STM32L4xx_HAL_Driver/Src/stm32l4xx_hal.o
                0x20000004                uwTickPrio
 .data.uwTickFreq
                0x20000008        0x1 ./Drivers/STM32L4xx_HAL_Driver/Src/stm32l4xx_hal.o
                0x20000008                uwTickFreq
 *fill*         0x20000009        0x3 
 .data._impure_ptr
                0x2000000c        0x4 C:/ST/STM32CubeIDE_2.1.1/STM32CubeIDE/plugins/com.st.stm32cube.ide.mcu.externaltools.gnu-tools-for-stm32.14.3.rel1.win32_1.0.100.202602081740/tools/bin/../lib/gcc/arm-none-eabi/14.3.1/../../../../arm-none-eabi/lib/thumb/v7e-m+fp/hard\libc_nano.a(libc_a-impure.o)
                0x2000000c                _impure_ptr
 .data._impure_data
                0x20000010       0x4c C:/ST/STM32CubeIDE_2.1.1/STM32CubeIDE/plugins/com.st.stm32cube.ide.mcu.externaltools.gnu-tools-for-stm32.14.3.rel1.win32_1.0.100.202602081740/tools/bin/../lib/gcc/arm-none-eabi/14.3.1/../../../../arm-none-eabi/lib/thumb/v7e-m+fp/hard\libc_nano.a(libc_a-impure.o)
                0x20000010                _impure_data
 *(.RamFunc)
 *(.RamFunc*)
                0x2000005c                        . = ALIGN (0x4)
                0x2000005c                        _edata = .

.igot.plt       0x2000005c        0x0 load address 0x08006e3c
 .igot.plt      0x2000005c        0x0 C:/ST/STM32CubeIDE_2.1.1/STM32CubeIDE/plugins/com.st.stm32cube.ide.mcu.externaltools.gnu-tools-for-stm32.14.3.rel1.win32_1.0.100.202602081740/tools/bin/../lib/gcc/arm-none-eabi/14.3.1/thumb/v7e-m+fp/hard/crtbegin.o
                0x2000005c                        . = ALIGN (0x4)

.bss            0x2000005c     0xa210 load address 0x08006e3c
                0x2000005c                        _sbss = .
                0x2000005c                        __bss_start__ = _sbss
 *(.bss)
 .bss           0x2000005c       0x1c C:/ST/STM32CubeIDE_2.1.1/STM32CubeIDE/plugins/com.st.stm32cube.ide.mcu.externaltools.gnu-tools-for-stm32.14.3.rel1.win32_1.0.100.202602081740/tools/bin/../lib/gcc/arm-none-eabi/14.3.1/thumb/v7e-m+fp/hard/crtbegin.o
 *(.bss*)
 .bss.frame_buffer
                0x20000078     0xa000 ./Core/Src/lcd.o
 .bss.hspi2     0x2000a078       0x64 ./Core/Src/spi.o
                0x2000a078                hspi2
 .bss.__sbrk_heap_end
                0x2000a0dc        0x4 ./Core/Src/sysmem.o
 .bss.uwTick    0x2000a0e0        0x4 ./Drivers/STM32L4xx_HAL_Driver/Src/stm32l4xx_hal.o
                0x2000a0e0                uwTick
 .bss.backend.0
                0x2000a0e4       0x3c ./hagl/src/hagl.o
 .bss.buffer.0  0x2000a120        0x4 ./hagl/src/hagl_char.o
 .bss.__malloc_sbrk_start
                0x2000a124        0x4 C:/ST/STM32CubeIDE_2.1.1/STM32CubeIDE/plugins/com.st.stm32cube.ide.mcu.externaltools.gnu-tools-for-stm32.14.3.rel1.win32_1.0.100.202602081740/tools/bin/../lib/gcc/arm-none-eabi/14.3.1/../../../../arm-none-eabi/lib/thumb/v7e-m+fp/hard\libc_nano.a(libc_a-mallocr.o)
                0x2000a124                __malloc_sbrk_start
 .bss.__malloc_free_list
                0x2000a128        0x4 C:/ST/STM32CubeIDE_2.1.1/STM32CubeIDE/plugins/com.st.stm32cube.ide.mcu.externaltools.gnu-tools-for-stm32.14.3.rel1.win32_1.0.100.202602081740/tools/bin/../lib/gcc/arm-none-eabi/14.3.1/../../../../arm-none-eabi/lib/thumb/v7e-m+fp/hard\libc_nano.a(libc_a-mallocr.o)
                0x2000a128                __malloc_free_list
 .bss.__sf      0x2000a12c      0x138 C:/ST/STM32CubeIDE_2.1.1/STM32CubeIDE/plugins/com.st.stm32cube.ide.mcu.externaltools.gnu-tools-for-stm32.14.3.rel1.win32_1.0.100.202602081740/tools/bin/../lib/gcc/arm-none-eabi/14.3.1/../../../../arm-none-eabi/lib/thumb/v7e-m+fp/hard\libc_nano.a(libc_a-findfp.o)
                0x2000a12c                __sf
 .bss.errno     0x2000a264        0x4 C:/ST/STM32CubeIDE_2.1.1/STM32CubeIDE/plugins/com.st.stm32cube.ide.mcu.externaltools.gnu-tools-for-stm32.14.3.rel1.win32_1.0.100.202602081740/tools/bin/../lib/gcc/arm-none-eabi/14.3.1/../../../../arm-none-eabi/lib/thumb/v7e-m+fp/hard\libc_nano.a(libc_a-reent.o)
                0x2000a264                errno
 .bss.__lock___malloc_recursive_mutex
                0x2000a268        0x1 C:/ST/STM32CubeIDE_2.1.1/STM32CubeIDE/plugins/com.st.stm32cube.ide.mcu.externaltools.gnu-tools-for-stm32.14.3.rel1.win32_1.0.100.202602081740/tools/bin/../lib/gcc/arm-none-eabi/14.3.1/../../../../arm-none-eabi/lib/thumb/v7e-m+fp/hard\libc_nano.a(libc_a-lock.o)
                0x2000a268                __lock___malloc_recursive_mutex
 *(COMMON)
                0x2000a26c                        . = ALIGN (0x4)
 *fill*         0x2000a269        0x3 
                0x2000a26c                        _ebss = .
                0x2000a26c                        __bss_end__ = _ebss

._user_heap_stack
                0x2000a26c      0x604 load address 0x08006e3c
                0x2000a270                        . = ALIGN (0x8)
 *fill*         0x2000a26c        0x4 
                [!provide]                        PROVIDE (end = .)
                0x2000a270                        PROVIDE (_end = .)
                0x2000a470                        . = (. + _Min_Heap_Size)
 *fill*         0x2000a270      0x200 
                0x2000a870                        . = (. + _Min_Stack_Size)
 *fill*         0x2000a470      0x400 
                0x2000a870                        . = ALIGN (0x8)

/DISCARD/
 libc.a(*)
 libm.a(*)
 libgcc.a(*)

.ARM.attributes
                0x00000000       0x30
 *(.ARM.attributes)
 .ARM.attributes
                0x00000000       0x22 C:/ST/STM32CubeIDE_2.1.1/STM32CubeIDE/plugins/com.st.stm32cube.ide.mcu.externaltools.gnu-tools-for-stm32.14.3.rel1.win32_1.0.100.202602081740/tools/bin/../lib/gcc/arm-none-eabi/14.3.1/thumb/v7e-m+fp/hard/crti.o
 .ARM.attributes
                0x00000022       0x34 C:/ST/STM32CubeIDE_2.1.1/STM32CubeIDE/plugins/com.st.stm32cube.ide.mcu.externaltools.gnu-tools-for-stm32.14.3.rel1.win32_1.0.100.202602081740/tools/bin/../lib/gcc/arm-none-eabi/14.3.1/thumb/v7e-m+fp/hard/crtbegin.o
 .ARM.attributes
                0x00000056       0x34 ./Core/Src/gpio.o
 .ARM.attributes
                0x0000008a       0x34 ./Core/Src/hagl_hal.o
 .ARM.attributes
                0x000000be       0x34 ./Core/Src/lcd.o
 .ARM.attributes
                0x000000f2       0x34 ./Core/Src/main.o
 .ARM.attributes
                0x00000126       0x34 ./Core/Src/spi.o
 .ARM.attributes
                0x0000015a       0x34 ./Core/Src/stm32l4xx_hal_msp.o
 .ARM.attributes
                0x0000018e       0x34 ./Core/Src/stm32l4xx_it.o
 .ARM.attributes
                0x000001c2       0x34 ./Core/Src/sysmem.o
 .ARM.attributes
                0x000001f6       0x34 ./Core/Src/system_stm32l4xx.o
 .ARM.attributes
                0x0000022a       0x21 ./Core/Startup/startup_stm32l476rgtx.o
 .ARM.attributes
                0x0000024b       0x34 ./Drivers/STM32L4xx_HAL_Driver/Src/stm32l4xx_hal.o
 .ARM.attributes
                0x0000027f       0x34 ./Drivers/STM32L4xx_HAL_Driver/Src/stm32l4xx_hal_cortex.o
 .ARM.attributes
                0x000002b3       0x34 ./Drivers/STM32L4xx_HAL_Driver/Src/stm32l4xx_hal_gpio.o
 .ARM.attributes
                0x000002e7       0x34 ./Drivers/STM32L4xx_HAL_Driver/Src/stm32l4xx_hal_pwr_ex.o
 .ARM.attributes
                0x0000031b       0x34 ./Drivers/STM32L4xx_HAL_Driver/Src/stm32l4xx_hal_rcc.o
 .ARM.attributes
                0x0000034f       0x34 ./Drivers/STM32L4xx_HAL_Driver/Src/stm32l4xx_hal_spi.o
 .ARM.attributes
                0x00000383       0x34 ./hagl/src/fontx.o
 .ARM.attributes
                0x000003b7       0x34 ./hagl/src/hagl.o
 .ARM.attributes
                0x000003eb       0x34 ./hagl/src/hagl_bitmap.o
 .ARM.attributes
                0x0000041f       0x34 ./hagl/src/hagl_blit.o
 .ARM.attributes
                0x00000453       0x34 ./hagl/src/hagl_char.o
 .ARM.attributes
                0x00000487       0x34 ./hagl/src/hagl_clip.o
 .ARM.attributes
                0x000004bb       0x34 ./hagl/src/hagl_hline.o
 .ARM.attributes
                0x000004ef       0x34 ./hagl/src/hagl_line.o
 .ARM.attributes
                0x00000523       0x34 ./hagl/src/hagl_pixel.o
 .ARM.attributes
                0x00000557       0x34 ./hagl/src/hagl_rectangle.o
 .ARM.attributes
                0x0000058b       0x34 ./hagl/src/hagl_vline.o
 .ARM.attributes
                0x000005bf       0x34 ./hagl/src/rgb565.o
 .ARM.attributes
                0x000005f3       0x34 C:/ST/STM32CubeIDE_2.1.1/STM32CubeIDE/plugins/com.st.stm32cube.ide.mcu.externaltools.gnu-tools-for-stm32.14.3.rel1.win32_1.0.100.202602081740/tools/bin/../lib/gcc/arm-none-eabi/14.3.1/../../../../arm-none-eabi/lib/thumb/v7e-m+fp/hard\libc_nano.a(libc_a-calloc.o)
 .ARM.attributes
                0x00000627       0x34 C:/ST/STM32CubeIDE_2.1.1/STM32CubeIDE/plugins/com.st.stm32cube.ide.mcu.externaltools.gnu-tools-for-stm32.14.3.rel1.win32_1.0.100.202602081740/tools/bin/../lib/gcc/arm-none-eabi/14.3.1/../../../../arm-none-eabi/lib/thumb/v7e-m+fp/hard\libc_nano.a(libc_a-callocr.o)
 .ARM.attributes
                0x0000065b       0x34 C:/ST/STM32CubeIDE_2.1.1/STM32CubeIDE/plugins/com.st.stm32cube.ide.mcu.externaltools.gnu-tools-for-stm32.14.3.rel1.win32_1.0.100.202602081740/tools/bin/../lib/gcc/arm-none-eabi/14.3.1/../../../../arm-none-eabi/lib/thumb/v7e-m+fp/hard\libc_nano.a(libc_a-mallocr.o)
 .ARM.attributes
                0x0000068f       0x34 C:/ST/STM32CubeIDE_2.1.1/STM32CubeIDE/plugins/com.st.stm32cube.ide.mcu.externaltools.gnu-tools-for-stm32.14.3.rel1.win32_1.0.100.202602081740/tools/bin/../lib/gcc/arm-none-eabi/14.3.1/../../../../arm-none-eabi/lib/thumb/v7e-m+fp/hard\libc_nano.a(libc_a-mlock.o)
 .ARM.attributes
                0x000006c3       0x34 C:/ST/STM32CubeIDE_2.1.1/STM32CubeIDE/plugins/com.st.stm32cube.ide.mcu.externaltools.gnu-tools-for-stm32.14.3.rel1.win32_1.0.100.202602081740/tools/bin/../lib/gcc/arm-none-eabi/14.3.1/../../../../arm-none-eabi/lib/thumb/v7e-m+fp/hard\libc_nano.a(libc_a-findfp.o)
 .ARM.attributes
                0x000006f7       0x34 C:/ST/STM32CubeIDE_2.1.1/STM32CubeIDE/plugins/com.st.stm32cube.ide.mcu.externaltools.gnu-tools-for-stm32.14.3.rel1.win32_1.0.100.202602081740/tools/bin/../lib/gcc/arm-none-eabi/14.3.1/../../../../arm-none-eabi/lib/thumb/v7e-m+fp/hard\libc_nano.a(libc_a-memset.o)
 .ARM.attributes
                0x0000072b       0x34 C:/ST/STM32CubeIDE_2.1.1/STM32CubeIDE/plugins/com.st.stm32cube.ide.mcu.externaltools.gnu-tools-for-stm32.14.3.rel1.win32_1.0.100.202602081740/tools/bin/../lib/gcc/arm-none-eabi/14.3.1/../../../../arm-none-eabi/lib/thumb/v7e-m+fp/hard\libc_nano.a(libc_a-reent.o)
 .ARM.attributes
                0x0000075f       0x34 C:/ST/STM32CubeIDE_2.1.1/STM32CubeIDE/plugins/com.st.stm32cube.ide.mcu.externaltools.gnu-tools-for-stm32.14.3.rel1.win32_1.0.100.202602081740/tools/bin/../lib/gcc/arm-none-eabi/14.3.1/../../../../arm-none-eabi/lib/thumb/v7e-m+fp/hard\libc_nano.a(libc_a-impure.o)
 .ARM.attributes
                0x00000793       0x34 C:/ST/STM32CubeIDE_2.1.1/STM32CubeIDE/plugins/com.st.stm32cube.ide.mcu.externaltools.gnu-tools-for-stm32.14.3.rel1.win32_1.0.100.202602081740/tools/bin/../lib/gcc/arm-none-eabi/14.3.1/../../../../arm-none-eabi/lib/thumb/v7e-m+fp/hard\libc_nano.a(libc_a-sbrkr.o)
 .ARM.attributes
                0x000007c7       0x34 C:/ST/STM32CubeIDE_2.1.1/STM32CubeIDE/plugins/com.st.stm32cube.ide.mcu.externaltools.gnu-tools-for-stm32.14.3.rel1.win32_1.0.100.202602081740/tools/bin/../lib/gcc/arm-none-eabi/14.3.1/../../../../arm-none-eabi/lib/thumb/v7e-m+fp/hard\libc_nano.a(libc_a-errno.o)
 .ARM.attributes
                0x000007fb       0x34 C:/ST/STM32CubeIDE_2.1.1/STM32CubeIDE/plugins/com.st.stm32cube.ide.mcu.externaltools.gnu-tools-for-stm32.14.3.rel1.win32_1.0.100.202602081740/tools/bin/../lib/gcc/arm-none-eabi/14.3.1/../../../../arm-none-eabi/lib/thumb/v7e-m+fp/hard\libc_nano.a(libc_a-init.o)
 .ARM.attributes
                0x0000082f       0x34 C:/ST/STM32CubeIDE_2.1.1/STM32CubeIDE/plugins/com.st.stm32cube.ide.mcu.externaltools.gnu-tools-for-stm32.14.3.rel1.win32_1.0.100.202602081740/tools/bin/../lib/gcc/arm-none-eabi/14.3.1/../../../../arm-none-eabi/lib/thumb/v7e-m+fp/hard\libc_nano.a(libc_a-lock.o)
 .ARM.attributes
                0x00000863       0x34 C:/ST/STM32CubeIDE_2.1.1/STM32CubeIDE/plugins/com.st.stm32cube.ide.mcu.externaltools.gnu-tools-for-stm32.14.3.rel1.win32_1.0.100.202602081740/tools/bin/../lib/gcc/arm-none-eabi/14.3.1/../../../../arm-none-eabi/lib/thumb/v7e-m+fp/hard\libc_nano.a(libc_a-memcpy-stub.o)
 .ARM.attributes
                0x00000897       0x22 C:/ST/STM32CubeIDE_2.1.1/STM32CubeIDE/plugins/com.st.stm32cube.ide.mcu.externaltools.gnu-tools-for-stm32.14.3.rel1.win32_1.0.100.202602081740/tools/bin/../lib/gcc/arm-none-eabi/14.3.1/thumb/v7e-m+fp/hard/crtn.o
OUTPUT(Część_11_Wykorzystanie_gotowej_biblioteki_graficznej.elf elf32-littlearm)
LOAD linker stubs
LOAD C:/ST/STM32CubeIDE_2.1.1/STM32CubeIDE/plugins/com.st.stm32cube.ide.mcu.externaltools.gnu-tools-for-stm32.14.3.rel1.win32_1.0.100.202602081740/tools/bin/../lib/gcc/arm-none-eabi/14.3.1/../../../../arm-none-eabi/lib/thumb/v7e-m+fp/hard\libc.a
LOAD C:/ST/STM32CubeIDE_2.1.1/STM32CubeIDE/plugins/com.st.stm32cube.ide.mcu.externaltools.gnu-tools-for-stm32.14.3.rel1.win32_1.0.100.202602081740/tools/bin/../lib/gcc/arm-none-eabi/14.3.1/../../../../arm-none-eabi/lib/thumb/v7e-m+fp/hard\libm.a
LOAD C:/ST/STM32CubeIDE_2.1.1/STM32CubeIDE/plugins/com.st.stm32cube.ide.mcu.externaltools.gnu-tools-for-stm32.14.3.rel1.win32_1.0.100.202602081740/tools/bin/../lib/gcc/arm-none-eabi/14.3.1/thumb/v7e-m+fp/hard\libgcc.a

.debug_info     0x00000000     0xbc7b
 .debug_info    0x00000000      0x482 ./Core/Src/gpio.o
 .debug_info    0x00000482      0x58e ./Core/Src/hagl_hal.o
 .debug_info    0x00000a10      0x897 ./Core/Src/lcd.o
 .debug_info    0x000012a7      0x889 ./Core/Src/main.o
 .debug_info    0x00001b30      0x9cf ./Core/Src/spi.o
 .debug_info    0x000024ff      0x301 ./Core/Src/stm32l4xx_hal_msp.o
 .debug_info    0x00002800      0x157 ./Core/Src/stm32l4xx_it.o
 .debug_info    0x00002957      0x168 ./Core/Src/sysmem.o
 .debug_info    0x00002abf      0x5e2 ./Core/Src/system_stm32l4xx.o
 .debug_info    0x000030a1       0x30 ./Core/Startup/startup_stm32l476rgtx.o
 .debug_info    0x000030d1      0xb2d ./Drivers/STM32L4xx_HAL_Driver/Src/stm32l4xx_hal.o
 .debug_info    0x00003bfe      0xdad ./Drivers/STM32L4xx_HAL_Driver/Src/stm32l4xx_hal_cortex.o
 .debug_info    0x000049ab      0x79f ./Drivers/STM32L4xx_HAL_Driver/Src/stm32l4xx_hal_gpio.o
 .debug_info    0x0000514a      0x9ca ./Drivers/STM32L4xx_HAL_Driver/Src/stm32l4xx_hal_pwr_ex.o
 .debug_info    0x00005b14      0xc45 ./Drivers/STM32L4xx_HAL_Driver/Src/stm32l4xx_hal_rcc.o
 .debug_info    0x00006759     0x1572 ./Drivers/STM32L4xx_HAL_Driver/Src/stm32l4xx_hal_spi.o
 .debug_info    0x00007ccb      0x26e ./hagl/src/fontx.o
 .debug_info    0x00007f39      0x6b0 ./hagl/src/hagl.o
 .debug_info    0x000085e9      0x796 ./hagl/src/hagl_bitmap.o
 .debug_info    0x00008d7f      0x5e3 ./hagl/src/hagl_blit.o
 .debug_info    0x00009362      0x822 ./hagl/src/hagl_char.o
 .debug_info    0x00009b84      0x57f ./hagl/src/hagl_clip.o
 .debug_info    0x0000a103      0x45a ./hagl/src/hagl_hline.o
 .debug_info    0x0000a55d      0x4d9 ./hagl/src/hagl_line.o
 .debug_info    0x0000aa36      0x484 ./hagl/src/hagl_pixel.o
 .debug_info    0x0000aeba      0x7e3 ./hagl/src/hagl_rectangle.o
 .debug_info    0x0000b69d      0x45a ./hagl/src/hagl_vline.o
 .debug_info    0x0000baf7      0x184 ./hagl/src/rgb565.o

.debug_abbrev   0x00000000     0x2a18
 .debug_abbrev  0x00000000      0x158 ./Core/Src/gpio.o
 .debug_abbrev  0x00000158      0x17b ./Core/Src/hagl_hal.o
 .debug_abbrev  0x000002d3      0x236 ./Core/Src/lcd.o
 .debug_abbrev  0x00000509      0x272 ./Core/Src/main.o
 .debug_abbrev  0x0000077b      0x1f8 ./Core/Src/spi.o
 .debug_abbrev  0x00000973       0xdd ./Core/Src/stm32l4xx_hal_msp.o
 .debug_abbrev  0x00000a50       0xac ./Core/Src/stm32l4xx_it.o
 .debug_abbrev  0x00000afc       0xbc ./Core/Src/sysmem.o
 .debug_abbrev  0x00000bb8      0x117 ./Core/Src/system_stm32l4xx.o
 .debug_abbrev  0x00000ccf       0x24 ./Core/Startup/startup_stm32l476rgtx.o
 .debug_abbrev  0x00000cf3      0x243 ./Drivers/STM32L4xx_HAL_Driver/Src/stm32l4xx_hal.o
 .debug_abbrev  0x00000f36      0x31c ./Drivers/STM32L4xx_HAL_Driver/Src/stm32l4xx_hal_cortex.o
 .debug_abbrev  0x00001252      0x1d1 ./Drivers/STM32L4xx_HAL_Driver/Src/stm32l4xx_hal_gpio.o
 .debug_abbrev  0x00001423      0x1f9 ./Drivers/STM32L4xx_HAL_Driver/Src/stm32l4xx_hal_pwr_ex.o
 .debug_abbrev  0x0000161c      0x2dc ./Drivers/STM32L4xx_HAL_Driver/Src/stm32l4xx_hal_rcc.o
 .debug_abbrev  0x000018f8      0x282 ./Drivers/STM32L4xx_HAL_Driver/Src/stm32l4xx_hal_spi.o
 .debug_abbrev  0x00001b7a      0x110 ./hagl/src/fontx.o
 .debug_abbrev  0x00001c8a      0x169 ./hagl/src/hagl.o
 .debug_abbrev  0x00001df3      0x161 ./hagl/src/hagl_bitmap.o
 .debug_abbrev  0x00001f54      0x14c ./hagl/src/hagl_blit.o
 .debug_abbrev  0x000020a0      0x179 ./hagl/src/hagl_char.o
 .debug_abbrev  0x00002219      0x144 ./hagl/src/hagl_clip.o
 .debug_abbrev  0x0000235d      0x116 ./hagl/src/hagl_hline.o
 .debug_abbrev  0x00002473      0x137 ./hagl/src/hagl_line.o
 .debug_abbrev  0x000025aa      0x12b ./hagl/src/hagl_pixel.o
 .debug_abbrev  0x000026d5      0x159 ./hagl/src/hagl_rectangle.o
 .debug_abbrev  0x0000282e      0x116 ./hagl/src/hagl_vline.o
 .debug_abbrev  0x00002944       0xd4 ./hagl/src/rgb565.o

.debug_aranges  0x00000000      0xad0
 .debug_aranges
                0x00000000       0x20 ./Core/Src/gpio.o
 .debug_aranges
                0x00000020       0x48 ./Core/Src/hagl_hal.o
 .debug_aranges
                0x00000068       0x58 ./Core/Src/lcd.o
 .debug_aranges
                0x000000c0       0x38 ./Core/Src/main.o
 .debug_aranges
                0x000000f8       0x30 ./Core/Src/spi.o
 .debug_aranges
                0x00000128       0x20 ./Core/Src/stm32l4xx_hal_msp.o
 .debug_aranges
                0x00000148       0x60 ./Core/Src/stm32l4xx_it.o
 .debug_aranges
                0x000001a8       0x20 ./Core/Src/sysmem.o
 .debug_aranges
                0x000001c8       0x28 ./Core/Src/system_stm32l4xx.o
 .debug_aranges
                0x000001f0       0x28 ./Core/Startup/startup_stm32l476rgtx.o
 .debug_aranges
                0x00000218      0x130 ./Drivers/STM32L4xx_HAL_Driver/Src/stm32l4xx_hal.o
 .debug_aranges
                0x00000348      0x128 ./Drivers/STM32L4xx_HAL_Driver/Src/stm32l4xx_hal_cortex.o
 .debug_aranges
                0x00000470       0x58 ./Drivers/STM32L4xx_HAL_Driver/Src/stm32l4xx_hal_gpio.o
 .debug_aranges
                0x000004c8      0x160 ./Drivers/STM32L4xx_HAL_Driver/Src/stm32l4xx_hal_pwr_ex.o
 .debug_aranges
                0x00000628       0x90 ./Drivers/STM32L4xx_HAL_Driver/Src/stm32l4xx_hal_rcc.o
 .debug_aranges
                0x000006b8      0x1d8 ./Drivers/STM32L4xx_HAL_Driver/Src/stm32l4xx_hal_spi.o
 .debug_aranges
                0x00000890       0x28 ./hagl/src/fontx.o
 .debug_aranges
                0x000008b8       0x40 ./hagl/src/hagl.o
 .debug_aranges
                0x000008f8       0x50 ./hagl/src/hagl_bitmap.o
 .debug_aranges
                0x00000948       0x28 ./hagl/src/hagl_blit.o
 .debug_aranges
                0x00000970       0x38 ./hagl/src/hagl_char.o
 .debug_aranges
                0x000009a8       0x30 ./hagl/src/hagl_clip.o
 .debug_aranges
                0x000009d8       0x20 ./hagl/src/hagl_hline.o
 .debug_aranges
                0x000009f8       0x20 ./hagl/src/hagl_line.o
 .debug_aranges
                0x00000a18       0x28 ./hagl/src/hagl_pixel.o
 .debug_aranges
                0x00000a40       0x48 ./hagl/src/hagl_rectangle.o
 .debug_aranges
                0x00000a88       0x20 ./hagl/src/hagl_vline.o
 .debug_aranges
                0x00000aa8       0x28 ./hagl/src/rgb565.o

.debug_rnglists
                0x00000000      0x7f2
 .debug_rnglists
                0x00000000       0x14 ./Core/Src/gpio.o
 .debug_rnglists
                0x00000014       0x31 ./Core/Src/hagl_hal.o
 .debug_rnglists
                0x00000045       0x3d ./Core/Src/lcd.o
 .debug_rnglists
                0x00000082       0x27 ./Core/Src/main.o
 .debug_rnglists
                0x000000a9       0x20 ./Core/Src/spi.o
 .debug_rnglists
                0x000000c9       0x13 ./Core/Src/stm32l4xx_hal_msp.o
 .debug_rnglists
                0x000000dc       0x43 ./Core/Src/stm32l4xx_it.o
 .debug_rnglists
                0x0000011f       0x13 ./Core/Src/sysmem.o
 .debug_rnglists
                0x00000132       0x1a ./Core/Src/system_stm32l4xx.o
 .debug_rnglists
                0x0000014c       0x19 ./Core/Startup/startup_stm32l476rgtx.o
 .debug_rnglists
                0x00000165       0xdf ./Drivers/STM32L4xx_HAL_Driver/Src/stm32l4xx_hal.o
 .debug_rnglists
                0x00000244       0xda ./Drivers/STM32L4xx_HAL_Driver/Src/stm32l4xx_hal_cortex.o
 .debug_rnglists
                0x0000031e       0x3f ./Drivers/STM32L4xx_HAL_Driver/Src/stm32l4xx_hal_gpio.o
 .debug_rnglists
                0x0000035d      0x109 ./Drivers/STM32L4xx_HAL_Driver/Src/stm32l4xx_hal_pwr_ex.o
 .debug_rnglists
                0x00000466       0x6d ./Drivers/STM32L4xx_HAL_Driver/Src/stm32l4xx_hal_rcc.o
 .debug_rnglists
                0x000004d3      0x178 ./Drivers/STM32L4xx_HAL_Driver/Src/stm32l4xx_hal_spi.o
 .debug_rnglists
                0x0000064b       0x1a ./hagl/src/fontx.o
 .debug_rnglists
                0x00000665       0x2c ./hagl/src/hagl.o
 .debug_rnglists
                0x00000691       0x3b ./hagl/src/hagl_bitmap.o
 .debug_rnglists
                0x000006cc       0x1b ./hagl/src/hagl_blit.o
 .debug_rnglists
                0x000006e7       0x28 ./hagl/src/hagl_char.o
 .debug_rnglists
                0x0000070f       0x20 ./hagl/src/hagl_clip.o
 .debug_rnglists
                0x0000072f       0x23 ./hagl/src/hagl_hline.o
 .debug_rnglists
                0x00000752       0x14 ./hagl/src/hagl_line.o
 .debug_rnglists
                0x00000766       0x1a ./hagl/src/hagl_pixel.o
 .debug_rnglists
                0x00000780       0x35 ./hagl/src/hagl_rectangle.o
 .debug_rnglists
                0x000007b5       0x23 ./hagl/src/hagl_vline.o
 .debug_rnglists
                0x000007d8       0x1a ./hagl/src/rgb565.o

.debug_macro    0x00000000    0x273ac
 .debug_macro   0x00000000      0x1d5 ./Core/Src/gpio.o
 .debug_macro   0x000001d5      0xad8 ./Core/Src/gpio.o
 .debug_macro   0x00000cad      0x1a1 ./Core/Src/gpio.o
 .debug_macro   0x00000e4e       0x2e ./Core/Src/gpio.o
 .debug_macro   0x00000e7c       0x28 ./Core/Src/gpio.o
 .debug_macro   0x00000ea4       0x22 ./Core/Src/gpio.o
 .debug_macro   0x00000ec6       0x8e ./Core/Src/gpio.o
 .debug_macro   0x00000f54       0x51 ./Core/Src/gpio.o
 .debug_macro   0x00000fa5      0x103 ./Core/Src/gpio.o
 .debug_macro   0x000010a8       0x6a ./Core/Src/gpio.o
 .debug_macro   0x00001112      0x1df ./Core/Src/gpio.o
 .debug_macro   0x000012f1       0x1c ./Core/Src/gpio.o
 .debug_macro   0x0000130d       0x22 ./Core/Src/gpio.o
 .debug_macro   0x0000132f       0xfb ./Core/Src/gpio.o
 .debug_macro   0x0000142a     0x1011 ./Core/Src/gpio.o
 .debug_macro   0x0000243b      0x11f ./Core/Src/gpio.o
 .debug_macro   0x0000255a    0x1a192 ./Core/Src/gpio.o
 .debug_macro   0x0001c6ec       0x6d ./Core/Src/gpio.o
 .debug_macro   0x0001c759     0x38fb ./Core/Src/gpio.o
 .debug_macro   0x00020054      0x190 ./Core/Src/gpio.o
 .debug_macro   0x000201e4       0x5c ./Core/Src/gpio.o
 .debug_macro   0x00020240     0x159e ./Core/Src/gpio.o
 .debug_macro   0x000217de      0x5a5 ./Core/Src/gpio.o
 .debug_macro   0x00021d83      0x1b9 ./Core/Src/gpio.o
 .debug_macro   0x00021f3c      0x18b ./Core/Src/gpio.o
 .debug_macro   0x000220c7      0x2c4 ./Core/Src/gpio.o
 .debug_macro   0x0002238b      0x27a ./Core/Src/gpio.o
 .debug_macro   0x00022605      0x23d ./Core/Src/gpio.o
 .debug_macro   0x00022842      0x241 ./Core/Src/gpio.o
 .debug_macro   0x00022a83      0x37c ./Core/Src/gpio.o
 .debug_macro   0x00022dff       0xd6 ./Core/Src/gpio.o
 .debug_macro   0x00022ed5      0x122 ./Core/Src/gpio.o
 .debug_macro   0x00022ff7      0x3ef ./Core/Src/gpio.o
 .debug_macro   0x000233e6      0x2fe ./Core/Src/gpio.o
 .debug_macro   0x000236e4      0x330 ./Core/Src/gpio.o
 .debug_macro   0x00023a14       0x28 ./Core/Src/gpio.o
 .debug_macro   0x00023a3c       0xca ./Core/Src/hagl_hal.o
 .debug_macro   0x00023b06       0x46 ./Core/Src/hagl_hal.o
 .debug_macro   0x00023b4c       0x16 ./Core/Src/hagl_hal.o
 .debug_macro   0x00023b62      0x26e ./Core/Src/lcd.o
 .debug_macro   0x00023dd0       0x40 ./Core/Src/lcd.o
 .debug_macro   0x00023e10      0x3e0 ./Core/Src/main.o
 .debug_macro   0x000241f0       0x2a ./Core/Src/main.o
 .debug_macro   0x0002421a       0x61 ./Core/Src/main.o
 .debug_macro   0x0002427b       0x43 ./Core/Src/main.o
 .debug_macro   0x000242be       0x34 ./Core/Src/main.o
 .debug_macro   0x000242f2       0x16 ./Core/Src/main.o
 .debug_macro   0x00024308       0x3c ./Core/Src/main.o
 .debug_macro   0x00024344      0x364 ./Core/Src/main.o
 .debug_macro   0x000246a8       0x16 ./Core/Src/main.o
 .debug_macro   0x000246be       0x4a ./Core/Src/main.o
 .debug_macro   0x00024708       0x34 ./Core/Src/main.o
 .debug_macro   0x0002473c       0x10 ./Core/Src/main.o
 .debug_macro   0x0002474c       0x58 ./Core/Src/main.o
 .debug_macro   0x000247a4       0x8e ./Core/Src/main.o
 .debug_macro   0x00024832       0x1c ./Core/Src/main.o
 .debug_macro   0x0002484e      0x17e ./Core/Src/main.o
 .debug_macro   0x000249cc       0x16 ./Core/Src/main.o
 .debug_macro   0x000249e2       0x29 ./Core/Src/main.o
 .debug_macro   0x00024a0b       0x22 ./Core/Src/main.o
 .debug_macro   0x00024a2d       0x10 ./Core/Src/main.o
 .debug_macro   0x00024a3d       0x22 ./Core/Src/main.o
 .debug_macro   0x00024a5f      0x1d5 ./Core/Src/spi.o
 .debug_macro   0x00024c34      0x1cb ./Core/Src/stm32l4xx_hal_msp.o
 .debug_macro   0x00024dff      0x1d5 ./Core/Src/stm32l4xx_it.o
 .debug_macro   0x00024fd4      0x112 ./Core/Src/sysmem.o
 .debug_macro   0x000250e6      0x23c ./Core/Src/sysmem.o
 .debug_macro   0x00025322      0x1bc ./Core/Src/system_stm32l4xx.o
 .debug_macro   0x000254de      0x20a ./Drivers/STM32L4xx_HAL_Driver/Src/stm32l4xx_hal.o
 .debug_macro   0x000256e8      0x1bc ./Drivers/STM32L4xx_HAL_Driver/Src/stm32l4xx_hal_cortex.o
 .debug_macro   0x000258a4      0x1c3 ./Drivers/STM32L4xx_HAL_Driver/Src/stm32l4xx_hal_gpio.o
 .debug_macro   0x00025a67      0x1e0 ./Drivers/STM32L4xx_HAL_Driver/Src/stm32l4xx_hal_pwr_ex.o
 .debug_macro   0x00025c47      0x1fe ./Drivers/STM32L4xx_HAL_Driver/Src/stm32l4xx_hal_rcc.o
 .debug_macro   0x00025e45      0x1c4 ./Drivers/STM32L4xx_HAL_Driver/Src/stm32l4xx_hal_spi.o
 .debug_macro   0x00026009      0x14d ./hagl/src/fontx.o
 .debug_macro   0x00026156       0x10 ./hagl/src/fontx.o
 .debug_macro   0x00026166       0x20 ./hagl/src/fontx.o
 .debug_macro   0x00026186       0x46 ./hagl/src/fontx.o
 .debug_macro   0x000261cc      0x2f9 ./hagl/src/hagl.o
 .debug_macro   0x000264c5      0x119 ./hagl/src/hagl.o
 .debug_macro   0x000265de       0x16 ./hagl/src/hagl.o
 .debug_macro   0x000265f4       0x16 ./hagl/src/hagl.o
 .debug_macro   0x0002660a      0x201 ./hagl/src/hagl_bitmap.o
 .debug_macro   0x0002680b      0x19b ./hagl/src/hagl_bitmap.o
 .debug_macro   0x000269a6       0x1c ./hagl/src/hagl_bitmap.o
 .debug_macro   0x000269c2       0xa5 ./hagl/src/hagl_blit.o
 .debug_macro   0x00026a67      0x256 ./hagl/src/hagl_char.o
 .debug_macro   0x00026cbd       0xa4 ./hagl/src/hagl_clip.o
 .debug_macro   0x00026d61       0xa5 ./hagl/src/hagl_hline.o
 .debug_macro   0x00026e06      0x24b ./hagl/src/hagl_line.o
 .debug_macro   0x00027051       0x9b ./hagl/src/hagl_pixel.o
 .debug_macro   0x000270ec      0x196 ./hagl/src/hagl_rectangle.o
 .debug_macro   0x00027282       0xa5 ./hagl/src/hagl_vline.o
 .debug_macro   0x00027327       0x85 ./hagl/src/rgb565.o

.debug_line     0x00000000     0xfed6
 .debug_line    0x00000000      0x73d ./Core/Src/gpio.o
 .debug_line    0x0000073d      0x5a3 ./Core/Src/hagl_hal.o
 .debug_line    0x00000ce0      0x822 ./Core/Src/lcd.o
 .debug_line    0x00001502      0xb91 ./Core/Src/main.o
 .debug_line    0x00002093      0x7bd ./Core/Src/spi.o
 .debug_line    0x00002850      0x72e ./Core/Src/stm32l4xx_hal_msp.o
 .debug_line    0x00002f7e      0x7dd ./Core/Src/stm32l4xx_it.o
 .debug_line    0x0000375b      0x58d ./Core/Src/sysmem.o
 .debug_line    0x00003ce8      0x7cc ./Core/Src/system_stm32l4xx.o
 .debug_line    0x000044b4       0x7a ./Core/Startup/startup_stm32l476rgtx.o
 .debug_line    0x0000452e      0xb37 ./Drivers/STM32L4xx_HAL_Driver/Src/stm32l4xx_hal.o
 .debug_line    0x00005065      0xccf ./Drivers/STM32L4xx_HAL_Driver/Src/stm32l4xx_hal_cortex.o
 .debug_line    0x00005d34      0xb88 ./Drivers/STM32L4xx_HAL_Driver/Src/stm32l4xx_hal_gpio.o
 .debug_line    0x000068bc      0xd16 ./Drivers/STM32L4xx_HAL_Driver/Src/stm32l4xx_hal_pwr_ex.o
 .debug_line    0x000075d2     0x1089 ./Drivers/STM32L4xx_HAL_Driver/Src/stm32l4xx_hal_rcc.o
 .debug_line    0x0000865b     0x2014 ./Drivers/STM32L4xx_HAL_Driver/Src/stm32l4xx_hal_spi.o
 .debug_line    0x0000a66f      0x6d3 ./hagl/src/fontx.o
 .debug_line    0x0000ad42      0x8ad ./hagl/src/hagl.o
 .debug_line    0x0000b5ef      0xaa6 ./hagl/src/hagl_bitmap.o
 .debug_line    0x0000c095      0x670 ./hagl/src/hagl_blit.o
 .debug_line    0x0000c705      0x939 ./hagl/src/hagl_char.o
 .debug_line    0x0000d03e      0x66a ./hagl/src/hagl_clip.o
 .debug_line    0x0000d6a8      0x55e ./hagl/src/hagl_hline.o
 .debug_line    0x0000dc06      0x813 ./hagl/src/hagl_line.o
 .debug_line    0x0000e419      0x581 ./hagl/src/hagl_pixel.o
 .debug_line    0x0000e99a      0xad7 ./hagl/src/hagl_rectangle.o
 .debug_line    0x0000f471      0x55e ./hagl/src/hagl_vline.o
 .debug_line    0x0000f9cf      0x507 ./hagl/src/rgb565.o

.debug_str      0x00000000    0xe7b91
 .debug_str     0x00000000    0xe7b91 ./Core/Src/gpio.o
                              0xdff66 (size before relaxing)
 .debug_str     0x000e7b91     0x43d0 ./Core/Src/hagl_hal.o
 .debug_str     0x000e7b91    0xe04c1 ./Core/Src/lcd.o
 .debug_str     0x000e7b91    0xe360a ./Core/Src/main.o
 .debug_str     0x000e7b91    0xe0380 ./Core/Src/spi.o
 .debug_str     0x000e7b91    0xdfe96 ./Core/Src/stm32l4xx_hal_msp.o
 .debug_str     0x000e7b91    0xdfdcf ./Core/Src/stm32l4xx_it.o
 .debug_str     0x000e7b91     0x7730 ./Core/Src/sysmem.o
 .debug_str     0x000e7b91    0xdfec0 ./Core/Src/system_stm32l4xx.o
 .debug_str     0x000e7b91       0xa8 ./Core/Startup/startup_stm32l476rgtx.o
 .debug_str     0x000e7b91    0xe0a68 ./Drivers/STM32L4xx_HAL_Driver/Src/stm32l4xx_hal.o
 .debug_str     0x000e7b91    0xe0739 ./Drivers/STM32L4xx_HAL_Driver/Src/stm32l4xx_hal_cortex.o
 .debug_str     0x000e7b91    0xe004b ./Drivers/STM32L4xx_HAL_Driver/Src/stm32l4xx_hal_gpio.o
 .debug_str     0x000e7b91    0xe041b ./Drivers/STM32L4xx_HAL_Driver/Src/stm32l4xx_hal_pwr_ex.o
 .debug_str     0x000e7b91    0xe0506 ./Drivers/STM32L4xx_HAL_Driver/Src/stm32l4xx_hal_rcc.o
 .debug_str     0x000e7b91    0xe06db ./Drivers/STM32L4xx_HAL_Driver/Src/stm32l4xx_hal_spi.o
 .debug_str     0x000e7b91     0x7469 ./hagl/src/fontx.o
 .debug_str     0x000e7b91     0x87cf ./hagl/src/hagl.o
 .debug_str     0x000e7b91     0x848c ./hagl/src/hagl_bitmap.o
 .debug_str     0x000e7b91     0x3f91 ./hagl/src/hagl_blit.o
 .debug_str     0x000e7b91     0x790a ./hagl/src/hagl_char.o
 .debug_str     0x000e7b91     0x3fe8 ./hagl/src/hagl_clip.o
 .debug_str     0x000e7b91     0x3f72 ./hagl/src/hagl_hline.o
 .debug_str     0x000e7b91     0x776f ./hagl/src/hagl_line.o
 .debug_str     0x000e7b91     0x3f6b ./hagl/src/hagl_pixel.o
 .debug_str     0x000e7b91     0x75ed ./hagl/src/hagl_rectangle.o
 .debug_str     0x000e7b91     0x3f72 ./hagl/src/hagl_vline.o
 .debug_str     0x000e7b91     0x3e26 ./hagl/src/rgb565.o

.comment        0x00000000       0x43
 .comment       0x00000000       0x43 ./Core/Src/gpio.o
                                 0x44 (size before relaxing)
 .comment       0x00000043       0x44 ./Core/Src/hagl_hal.o
 .comment       0x00000043       0x44 ./Core/Src/lcd.o
 .comment       0x00000043       0x44 ./Core/Src/main.o
 .comment       0x00000043       0x44 ./Core/Src/spi.o
 .comment       0x00000043       0x44 ./Core/Src/stm32l4xx_hal_msp.o
 .comment       0x00000043       0x44 ./Core/Src/stm32l4xx_it.o
 .comment       0x00000043       0x44 ./Core/Src/sysmem.o
 .comment       0x00000043       0x44 ./Core/Src/system_stm32l4xx.o
 .comment       0x00000043       0x44 ./Drivers/STM32L4xx_HAL_Driver/Src/stm32l4xx_hal.o
 .comment       0x00000043       0x44 ./Drivers/STM32L4xx_HAL_Driver/Src/stm32l4xx_hal_cortex.o
 .comment       0x00000043       0x44 ./Drivers/STM32L4xx_HAL_Driver/Src/stm32l4xx_hal_gpio.o
 .comment       0x00000043       0x44 ./Drivers/STM32L4xx_HAL_Driver/Src/stm32l4xx_hal_pwr_ex.o
 .comment       0x00000043       0x44 ./Drivers/STM32L4xx_HAL_Driver/Src/stm32l4xx_hal_rcc.o
 .comment       0x00000043       0x44 ./Drivers/STM32L4xx_HAL_Driver/Src/stm32l4xx_hal_spi.o
 .comment       0x00000043       0x44 ./hagl/src/fontx.o
 .comment       0x00000043       0x44 ./hagl/src/hagl.o
 .comment       0x00000043       0x44 ./hagl/src/hagl_bitmap.o
 .comment       0x00000043       0x44 ./hagl/src/hagl_blit.o
 .comment       0x00000043       0x44 ./hagl/src/hagl_char.o
 .comment       0x00000043       0x44 ./hagl/src/hagl_clip.o
 .comment       0x00000043       0x44 ./hagl/src/hagl_hline.o
 .comment       0x00000043       0x44 ./hagl/src/hagl_line.o
 .comment       0x00000043       0x44 ./hagl/src/hagl_pixel.o
 .comment       0x00000043       0x44 ./hagl/src/hagl_rectangle.o
 .comment       0x00000043       0x44 ./hagl/src/hagl_vline.o
 .comment       0x00000043       0x44 ./hagl/src/rgb565.o

.debug_frame    0x00000000     0x27c4
 .debug_frame   0x00000000       0x34 ./Core/Src/gpio.o
 .debug_frame   0x00000034       0xe8 ./Core/Src/hagl_hal.o
 .debug_frame   0x0000011c      0x128 ./Core/Src/lcd.o
 .debug_frame   0x00000244       0x98 ./Core/Src/main.o
 .debug_frame   0x000002dc       0x74 ./Core/Src/spi.o
 .debug_frame   0x00000350       0x34 ./Core/Src/stm32l4xx_hal_msp.o
 .debug_frame   0x00000384       0xf8 ./Core/Src/stm32l4xx_it.o
 .debug_frame   0x0000047c       0x34 ./Core/Src/sysmem.o
 .debug_frame   0x000004b0       0x50 ./Core/Src/system_stm32l4xx.o
 .debug_frame   0x00000500      0x424 ./Drivers/STM32L4xx_HAL_Driver/Src/stm32l4xx_hal.o
 .debug_frame   0x00000924      0x49c ./Drivers/STM32L4xx_HAL_Driver/Src/stm32l4xx_hal_cortex.o
 .debug_frame   0x00000dc0      0x130 ./Drivers/STM32L4xx_HAL_Driver/Src/stm32l4xx_hal_gpio.o
 .debug_frame   0x00000ef0      0x4ec ./Drivers/STM32L4xx_HAL_Driver/Src/stm32l4xx_hal_pwr_ex.o
 .debug_frame   0x000013dc      0x200 ./Drivers/STM32L4xx_HAL_Driver/Src/stm32l4xx_hal_rcc.o
 .debug_frame   0x000015dc      0x820 ./Drivers/STM32L4xx_HAL_Driver/Src/stm32l4xx_hal_spi.o
 .debug_frame   0x00001dfc       0x58 ./hagl/src/fontx.o
 .debug_frame   0x00001e54       0xc8 ./hagl/src/hagl.o
 .debug_frame   0x00001f1c      0x10c ./hagl/src/hagl_bitmap.o
 .debug_frame   0x00002028       0x60 ./hagl/src/hagl_blit.o
 .debug_frame   0x00002088       0xa8 ./hagl/src/hagl_char.o
 .debug_frame   0x00002130       0x84 ./hagl/src/hagl_clip.o
 .debug_frame   0x000021b4       0x38 ./hagl/src/hagl_hline.o
 .debug_frame   0x000021ec       0x3c ./hagl/src/hagl_line.o
 .debug_frame   0x00002228       0x5c ./hagl/src/hagl_pixel.o
 .debug_frame   0x00002284       0xf8 ./hagl/src/hagl_rectangle.o
 .debug_frame   0x0000237c       0x38 ./hagl/src/hagl_vline.o
 .debug_frame   0x000023b4       0x58 ./hagl/src/rgb565.o
 .debug_frame   0x0000240c       0x20 C:/ST/STM32CubeIDE_2.1.1/STM32CubeIDE/plugins/com.st.stm32cube.ide.mcu.externaltools.gnu-tools-for-stm32.14.3.rel1.win32_1.0.100.202602081740/tools/bin/../lib/gcc/arm-none-eabi/14.3.1/../../../../arm-none-eabi/lib/thumb/v7e-m+fp/hard\libc_nano.a(libc_a-calloc.o)
 .debug_frame   0x0000242c       0x2c C:/ST/STM32CubeIDE_2.1.1/STM32CubeIDE/plugins/com.st.stm32cube.ide.mcu.externaltools.gnu-tools-for-stm32.14.3.rel1.win32_1.0.100.202602081740/tools/bin/../lib/gcc/arm-none-eabi/14.3.1/../../../../arm-none-eabi/lib/thumb/v7e-m+fp/hard\libc_nano.a(libc_a-callocr.o)
 .debug_frame   0x00002458       0x50 C:/ST/STM32CubeIDE_2.1.1/STM32CubeIDE/plugins/com.st.stm32cube.ide.mcu.externaltools.gnu-tools-for-stm32.14.3.rel1.win32_1.0.100.202602081740/tools/bin/../lib/gcc/arm-none-eabi/14.3.1/../../../../arm-none-eabi/lib/thumb/v7e-m+fp/hard\libc_nano.a(libc_a-mallocr.o)
 .debug_frame   0x000024a8       0x30 C:/ST/STM32CubeIDE_2.1.1/STM32CubeIDE/plugins/com.st.stm32cube.ide.mcu.externaltools.gnu-tools-for-stm32.14.3.rel1.win32_1.0.100.202602081740/tools/bin/../lib/gcc/arm-none-eabi/14.3.1/../../../../arm-none-eabi/lib/thumb/v7e-m+fp/hard\libc_nano.a(libc_a-mlock.o)
 .debug_frame   0x000024d8      0x144 C:/ST/STM32CubeIDE_2.1.1/STM32CubeIDE/plugins/com.st.stm32cube.ide.mcu.externaltools.gnu-tools-for-stm32.14.3.rel1.win32_1.0.100.202602081740/tools/bin/../lib/gcc/arm-none-eabi/14.3.1/../../../../arm-none-eabi/lib/thumb/v7e-m+fp/hard\libc_nano.a(libc_a-findfp.o)
 .debug_frame   0x0000261c       0x20 C:/ST/STM32CubeIDE_2.1.1/STM32CubeIDE/plugins/com.st.stm32cube.ide.mcu.externaltools.gnu-tools-for-stm32.14.3.rel1.win32_1.0.100.202602081740/tools/bin/../lib/gcc/arm-none-eabi/14.3.1/../../../../arm-none-eabi/lib/thumb/v7e-m+fp/hard\libc_nano.a(libc_a-memset.o)
 .debug_frame   0x0000263c       0x38 C:/ST/STM32CubeIDE_2.1.1/STM32CubeIDE/plugins/com.st.stm32cube.ide.mcu.externaltools.gnu-tools-for-stm32.14.3.rel1.win32_1.0.100.202602081740/tools/bin/../lib/gcc/arm-none-eabi/14.3.1/../../../../arm-none-eabi/lib/thumb/v7e-m+fp/hard\libc_nano.a(libc_a-reent.o)
 .debug_frame   0x00002674       0x2c C:/ST/STM32CubeIDE_2.1.1/STM32CubeIDE/plugins/com.st.stm32cube.ide.mcu.externaltools.gnu-tools-for-stm32.14.3.rel1.win32_1.0.100.202602081740/tools/bin/../lib/gcc/arm-none-eabi/14.3.1/../../../../arm-none-eabi/lib/thumb/v7e-m+fp/hard\libc_nano.a(libc_a-sbrkr.o)
 .debug_frame   0x000026a0       0x20 C:/ST/STM32CubeIDE_2.1.1/STM32CubeIDE/plugins/com.st.stm32cube.ide.mcu.externaltools.gnu-tools-for-stm32.14.3.rel1.win32_1.0.100.202602081740/tools/bin/../lib/gcc/arm-none-eabi/14.3.1/../../../../arm-none-eabi/lib/thumb/v7e-m+fp/hard\libc_nano.a(libc_a-errno.o)
 .debug_frame   0x000026c0       0x2c C:/ST/STM32CubeIDE_2.1.1/STM32CubeIDE/plugins/com.st.stm32cube.ide.mcu.externaltools.gnu-tools-for-stm32.14.3.rel1.win32_1.0.100.202602081740/tools/bin/../lib/gcc/arm-none-eabi/14.3.1/../../../../arm-none-eabi/lib/thumb/v7e-m+fp/hard\libc_nano.a(libc_a-init.o)
 .debug_frame   0x000026ec       0xb0 C:/ST/STM32CubeIDE_2.1.1/STM32CubeIDE/plugins/com.st.stm32cube.ide.mcu.externaltools.gnu-tools-for-stm32.14.3.rel1.win32_1.0.100.202602081740/tools/bin/../lib/gcc/arm-none-eabi/14.3.1/../../../../arm-none-eabi/lib/thumb/v7e-m+fp/hard\libc_nano.a(libc_a-lock.o)
 .debug_frame   0x0000279c       0x28 C:/ST/STM32CubeIDE_2.1.1/STM32CubeIDE/plugins/com.st.stm32cube.ide.mcu.externaltools.gnu-tools-for-stm32.14.3.rel1.win32_1.0.100.202602081740/tools/bin/../lib/gcc/arm-none-eabi/14.3.1/../../../../arm-none-eabi/lib/thumb/v7e-m+fp/hard\libc_nano.a(libc_a-memcpy-stub.o)

.debug_line_str
                0x00000000       0x8c
 .debug_line_str
                0x00000000       0x8c ./Core/Startup/startup_stm32l476rgtx.o
